Archive member included to satisfy reference by file (symbol)

c:/st/stm32cubeide_1.9.0/stm32cubeide/plugins/com.st.stm32cube.ide.mcu.externaltools.gnu-tools-for-stm32.10.3-2021.10.win32_1.0.0.202111181127/tools/bin/../lib/gcc/arm-none-eabi/10.3.1/../../../../arm-none-eabi/lib/thumb/v7e-m+fp/hard\libc_nano.a(lib_a-errno.o)
                              ./Core/Src/syscalls.o (__errno)
c:/st/stm32cubeide_1.9.0/stm32cubeide/plugins/com.st.stm32cube.ide.mcu.externaltools.gnu-tools-for-stm32.10.3-2021.10.win32_1.0.0.202111181127/tools/bin/../lib/gcc/arm-none-eabi/10.3.1/../../../../arm-none-eabi/lib/thumb/v7e-m+fp/hard\libc_nano.a(lib_a-exit.o)
                              c:/st/stm32cubeide_1.9.0/stm32cubeide/plugins/com.st.stm32cube.ide.mcu.externaltools.gnu-tools-for-stm32.10.3-2021.10.win32_1.0.0.202111181127/tools/bin/../lib/gcc/arm-none-eabi/10.3.1/../../../../arm-none-eabi/lib/thumb/v7e-m+fp/hard/crt0.o (exit)
c:/st/stm32cubeide_1.9.0/stm32cubeide/plugins/com.st.stm32cube.ide.mcu.externaltools.gnu-tools-for-stm32.10.3-2021.10.win32_1.0.0.202111181127/tools/bin/../lib/gcc/arm-none-eabi/10.3.1/../../../../arm-none-eabi/lib/thumb/v7e-m+fp/hard\libc_nano.a(lib_a-impure.o)
                              c:/st/stm32cubeide_1.9.0/stm32cubeide/plugins/com.st.stm32cube.ide.mcu.externaltools.gnu-tools-for-stm32.10.3-2021.10.win32_1.0.0.202111181127/tools/bin/../lib/gcc/arm-none-eabi/10.3.1/../../../../arm-none-eabi/lib/thumb/v7e-m+fp/hard\libc_nano.a(lib_a-exit.o) (_global_impure_ptr)
c:/st/stm32cubeide_1.9.0/stm32cubeide/plugins/com.st.stm32cube.ide.mcu.externaltools.gnu-tools-for-stm32.10.3-2021.10.win32_1.0.0.202111181127/tools/bin/../lib/gcc/arm-none-eabi/10.3.1/../../../../arm-none-eabi/lib/thumb/v7e-m+fp/hard\libc_nano.a(lib_a-init.o)
                              c:/st/stm32cubeide_1.9.0/stm32cubeide/plugins/com.st.stm32cube.ide.mcu.externaltools.gnu-tools-for-stm32.10.3-2021.10.win32_1.0.0.202111181127/tools/bin/../lib/gcc/arm-none-eabi/10.3.1/../../../../arm-none-eabi/lib/thumb/v7e-m+fp/hard/crt0.o (__libc_init_array)
c:/st/stm32cubeide_1.9.0/stm32cubeide/plugins/com.st.stm32cube.ide.mcu.externaltools.gnu-tools-for-stm32.10.3-2021.10.win32_1.0.0.202111181127/tools/bin/../lib/gcc/arm-none-eabi/10.3.1/../../../../arm-none-eabi/lib/thumb/v7e-m+fp/hard\libc_nano.a(lib_a-memcpy-stub.o)
                              ./Middlewares/Third_Party/FreeRTOS/Source/queue.o (memcpy)
c:/st/stm32cubeide_1.9.0/stm32cubeide/plugins/com.st.stm32cube.ide.mcu.externaltools.gnu-tools-for-stm32.10.3-2021.10.win32_1.0.0.202111181127/tools/bin/../lib/gcc/arm-none-eabi/10.3.1/../../../../arm-none-eabi/lib/thumb/v7e-m+fp/hard\libc_nano.a(lib_a-memset.o)
                              c:/st/stm32cubeide_1.9.0/stm32cubeide/plugins/com.st.stm32cube.ide.mcu.externaltools.gnu-tools-for-stm32.10.3-2021.10.win32_1.0.0.202111181127/tools/bin/../lib/gcc/arm-none-eabi/10.3.1/../../../../arm-none-eabi/lib/thumb/v7e-m+fp/hard/crt0.o (memset)
c:/st/stm32cubeide_1.9.0/stm32cubeide/plugins/com.st.stm32cube.ide.mcu.externaltools.gnu-tools-for-stm32.10.3-2021.10.win32_1.0.0.202111181127/tools/bin/../lib/gcc/arm-none-eabi/10.3.1/thumb/v7e-m+fp/hard\libgcc.a(_aeabi_uldivmod.o)
                              ./Drivers/STM32F7xx_HAL_Driver/Src/stm32f7xx_hal_rcc.o (__aeabi_uldivmod)
c:/st/stm32cubeide_1.9.0/stm32cubeide/plugins/com.st.stm32cube.ide.mcu.externaltools.gnu-tools-for-stm32.10.3-2021.10.win32_1.0.0.202111181127/tools/bin/../lib/gcc/arm-none-eabi/10.3.1/thumb/v7e-m+fp/hard\libgcc.a(_udivmoddi4.o)
                              c:/st/stm32cubeide_1.9.0/stm32cubeide/plugins/com.st.stm32cube.ide.mcu.externaltools.gnu-tools-for-stm32.10.3-2021.10.win32_1.0.0.202111181127/tools/bin/../lib/gcc/arm-none-eabi/10.3.1/thumb/v7e-m+fp/hard\libgcc.a(_aeabi_uldivmod.o) (__udivmoddi4)
c:/st/stm32cubeide_1.9.0/stm32cubeide/plugins/com.st.stm32cube.ide.mcu.externaltools.gnu-tools-for-stm32.10.3-2021.10.win32_1.0.0.202111181127/tools/bin/../lib/gcc/arm-none-eabi/10.3.1/thumb/v7e-m+fp/hard\libgcc.a(_dvmd_tls.o)
                              c:/st/stm32cubeide_1.9.0/stm32cubeide/plugins/com.st.stm32cube.ide.mcu.externaltools.gnu-tools-for-stm32.10.3-2021.10.win32_1.0.0.202111181127/tools/bin/../lib/gcc/arm-none-eabi/10.3.1/thumb/v7e-m+fp/hard\libgcc.a(_aeabi_uldivmod.o) (__aeabi_ldiv0)

Discarded input sections

 .text          0x0000000000000000        0x0 c:/st/stm32cubeide_1.9.0/stm32cubeide/plugins/com.st.stm32cube.ide.mcu.externaltools.gnu-tools-for-stm32.10.3-2021.10.win32_1.0.0.202111181127/tools/bin/../lib/gcc/arm-none-eabi/10.3.1/thumb/v7e-m+fp/hard/crti.o
 .data          0x0000000000000000        0x0 c:/st/stm32cubeide_1.9.0/stm32cubeide/plugins/com.st.stm32cube.ide.mcu.externaltools.gnu-tools-for-stm32.10.3-2021.10.win32_1.0.0.202111181127/tools/bin/../lib/gcc/arm-none-eabi/10.3.1/thumb/v7e-m+fp/hard/crti.o
[...]
Memory Configuration

Name             Origin             Length             Attributes
RAM              0x0000000020000000 0x0000000000050000 xrw
FLASH            0x0000000008000000 0x0000000000100000 xr
*default*        0x0000000000000000 0xffffffffffffffff

Linker script and memory map

LOAD c:/st/stm32cubeide_1.9.0/stm32cubeide/plugins/com.st.stm32cube.ide.mcu.externaltools.gnu-tools-for-stm32.10.3-2021.10.win32_1.0.0.202111181127/tools/bin/../lib/gcc/arm-none-eabi/10.3.1/thumb/v7e-m+fp/hard/crti.o
LOAD c:/st/stm32cubeide_1.9.0/stm32cubeide/plugins/com.st.stm32cube.ide.mcu.externaltools.gnu-tools-for-stm32.10.3-2021.10.win32_1.0.0.202111181127/tools/bin/../lib/gcc/arm-none-eabi/10.3.1/thumb/v7e-m+fp/hard/crtbegin.o
LOAD c:/st/stm32cubeide_1.9.0/stm32cubeide/plugins/com.st.stm32cube.ide.mcu.externaltools.gnu-tools-for-stm32.10.3-2021.10.win32_1.0.0.202111181127/tools/bin/../lib/gcc/arm-none-eabi/10.3.1/../../../../arm-none-eabi/lib/thumb/v7e-m+fp/hard/crt0.o
LOAD ./Core/Src/freertos.o
LOAD ./Core/Src/gpio.o
LOAD ./Core/Src/main.o
LOAD ./Core/Src/stm32f7xx_hal_msp.o
LOAD ./Core/Src/stm32f7xx_hal_timebase_tim.o
LOAD ./Core/Src/stm32f7xx_it.o
LOAD ./Core/Src/syscalls.o
LOAD ./Core/Src/sysmem.o
LOAD ./Core/Src/system_stm32f7xx.o
LOAD ./Core/Src/usart.o
LOAD ./Core/Startup/startup_stm32f746nghx.o
LOAD ./Drivers/STM32F7xx_HAL_Driver/Src/stm32f7xx_hal.o
LOAD ./Drivers/STM32F7xx_HAL_Driver/Src/stm32f7xx_hal_cortex.o
LOAD ./Drivers/STM32F7xx_HAL_Driver/Src/stm32f7xx_hal_dma.o
LOAD ./Drivers/STM32F7xx_HAL_Driver/Src/stm32f7xx_hal_dma_ex.o
LOAD ./Drivers/STM32F7xx_HAL_Driver/Src/stm32f7xx_hal_exti.o
LOAD ./Drivers/STM32F7xx_HAL_Driver/Src/stm32f7xx_hal_flash.o
LOAD ./Drivers/STM32F7xx_HAL_Driver/Src/stm32f7xx_hal_flash_ex.o
LOAD ./Drivers/STM32F7xx_HAL_Driver/Src/stm32f7xx_hal_gpio.o
LOAD ./Drivers/STM32F7xx_HAL_Driver/Src/stm32f7xx_hal_i2c.o
LOAD ./Drivers/STM32F7xx_HAL_Driver/Src/stm32f7xx_hal_i2c_ex.o
LOAD ./Drivers/STM32F7xx_HAL_Driver/Src/stm32f7xx_hal_pwr.o
LOAD ./Drivers/STM32F7xx_HAL_Driver/Src/stm32f7xx_hal_pwr_ex.o
LOAD ./Drivers/STM32F7xx_HAL_Driver/Src/stm32f7xx_hal_rcc.o
LOAD ./Drivers/STM32F7xx_HAL_Driver/Src/stm32f7xx_hal_rcc_ex.o
LOAD ./Drivers/STM32F7xx_HAL_Driver/Src/stm32f7xx_hal_tim.o
LOAD ./Drivers/STM32F7xx_HAL_Driver/Src/stm32f7xx_hal_tim_ex.o
LOAD ./Drivers/STM32F7xx_HAL_Driver/Src/stm32f7xx_hal_uart.o
LOAD ./Drivers/STM32F7xx_HAL_Driver/Src/stm32f7xx_hal_uart_ex.o
LOAD ./Middlewares/Third_Party/FreeRTOS/Source/CMSIS_RTOS/cmsis_os.o
LOAD ./Middlewares/Third_Party/FreeRTOS/Source/croutine.o
LOAD ./Middlewares/Third_Party/FreeRTOS/Source/event_groups.o
LOAD ./Middlewares/Third_Party/FreeRTOS/Source/list.o
LOAD ./Middlewares/Third_Party/FreeRTOS/Source/queue.o
LOAD ./Middlewares/Third_Party/FreeRTOS/Source/stream_buffer.o
LOAD ./Middlewares/Third_Party/FreeRTOS/Source/tasks.o
LOAD ./Middlewares/Third_Party/FreeRTOS/Source/timers.o
LOAD ./Middlewares/Third_Party/FreeRTOS/Source/portable/GCC/ARM_CM7/r0p1/port.o
LOAD ./Middlewares/Third_Party/FreeRTOS/Source/portable/MemMang/heap_4.o
START GROUP
LOAD c:/st/stm32cubeide_1.9.0/stm32cubeide/plugins/com.st.stm32cube.ide.mcu.externaltools.gnu-tools-for-stm32.10.3-2021.10.win32_1.0.0.202111181127/tools/bin/../lib/gcc/arm-none-eabi/10.3.1/../../../../arm-none-eabi/lib/thumb/v7e-m+fp/hard\libc_nano.a
LOAD c:/st/stm32cubeide_1.9.0/stm32cubeide/plugins/com.st.stm32cube.ide.mcu.externaltools.gnu-tools-for-stm32.10.3-2021.10.win32_1.0.0.202111181127/tools/bin/../lib/gcc/arm-none-eabi/10.3.1/../../../../arm-none-eabi/lib/thumb/v7e-m+fp/hard\libm.a
END GROUP
START GROUP
LOAD c:/st/stm32cubeide_1.9.0/stm32cubeide/plugins/com.st.stm32cube.ide.mcu.externaltools.gnu-tools-for-stm32.10.3-2021.10.win32_1.0.0.202111181127/tools/bin/../lib/gcc/arm-none-eabi/10.3.1/thumb/v7e-m+fp/hard\libgcc.a
LOAD c:/st/stm32cubeide_1.9.0/stm32cubeide/plugins/com.st.stm32cube.ide.mcu.externaltools.gnu-tools-for-stm32.10.3-2021.10.win32_1.0.0.202111181127/tools/bin/../lib/gcc/arm-none-eabi/10.3.1/../../../../arm-none-eabi/lib/thumb/v7e-m+fp/hard\libc_nano.a
END GROUP
START GROUP
LOAD c:/st/stm32cubeide_1.9.0/stm32cubeide/plugins/com.st.stm32cube.ide.mcu.externaltools.gnu-tools-for-stm32.10.3-2021.10.win32_1.0.0.202111181127/tools/bin/../lib/gcc/arm-none-eabi/10.3.1/thumb/v7e-m+fp/hard\libgcc.a
LOAD c:/st/stm32cubeide_1.9.0/stm32cubeide/plugins/com.st.stm32cube.ide.mcu.externaltools.gnu-tools-for-stm32.10.3-2021.10.win32_1.0.0.202111181127/tools/bin/../lib/gcc/arm-none-eabi/10.3.1/../../../../arm-none-eabi/lib/thumb/v7e-m+fp/hard\libc_nano.a
LOAD c:/st/stm32cubeide_1.9.0/stm32cubeide/plugins/com.st.stm32cube.ide.mcu.externaltools.gnu-tools-for-stm32.10.3-2021.10.win32_1.0.0.202111181127/tools/bin/../lib/gcc/arm-none-eabi/10.3.1/../../../../arm-none-eabi/lib/thumb/v7e-m+fp/hard\libnosys.a
END GROUP
START GROUP
LOAD c:/st/stm32cubeide_1.9.0/stm32cubeide/plugins/com.st.stm32cube.ide.mcu.externaltools.gnu-tools-for-stm32.10.3-2021.10.win32_1.0.0.202111181127/tools/bin/../lib/gcc/arm-none-eabi/10.3.1/thumb/v7e-m+fp/hard\libgcc.a
LOAD c:/st/stm32cubeide_1.9.0/stm32cubeide/plugins/com.st.stm32cube.ide.mcu.externaltools.gnu-tools-for-stm32.10.3-2021.10.win32_1.0.0.202111181127/tools/bin/../lib/gcc/arm-none-eabi/10.3.1/../../../../arm-none-eabi/lib/thumb/v7e-m+fp/hard\libc_nano.a
LOAD c:/st/stm32cubeide_1.9.0/stm32cubeide/plugins/com.st.stm32cube.ide.mcu.externaltools.gnu-tools-for-stm32.10.3-2021.10.win32_1.0.0.202111181127/tools/bin/../lib/gcc/arm-none-eabi/10.3.1/../../../../arm-none-eabi/lib/thumb/v7e-m+fp/hard\libnosys.a
END GROUP
LOAD c:/st/stm32cubeide_1.9.0/stm32cubeide/plugins/com.st.stm32cube.ide.mcu.externaltools.gnu-tools-for-stm32.10.3-2021.10.win32_1.0.0.202111181127/tools/bin/../lib/gcc/arm-none-eabi/10.3.1/thumb/v7e-m+fp/hard/crtend.o
LOAD c:/st/stm32cubeide_1.9.0/stm32cubeide/plugins/com.st.stm32cube.ide.mcu.externaltools.gnu-tools-for-stm32.10.3-2021.10.win32_1.0.0.202111181127/tools/bin/../lib/gcc/arm-none-eabi/10.3.1/thumb/v7e-m+fp/hard/crtn.o
                0x0000000020050000                _estack = (ORIGIN (RAM) + LENGTH (RAM))
                0x0000000000000200                _Min_Heap_Size = 0x200
                0x0000000000000400                _Min_Stack_Size = 0x400

.isr_vector     0x0000000008000000      0x1c8
                0x0000000008000000                . = ALIGN (0x4)
 *(.isr_vector)
 .isr_vector    0x0000000008000000      0x1c8 ./Core/Startup/startup_stm32f746nghx.o
                0x0000000008000000                g_pfnVectors
                0x00000000080001c8                . = ALIGN (0x4)

.text           0x00000000080001d0     0x43a4
                0x00000000080001d0                . = ALIGN (0x4)
 *(.text)
 .text          0x00000000080001d0       0x40 c:/st/stm32cubeide_1.9.0/stm32cubeide/plugins/com.st.stm32cube.ide.mcu.externaltools.gnu-tools-for-stm32.10.3-2021.10.win32_1.0.0.202111181127/tools/bin/../lib/gcc/arm-none-eabi/10.3.1/thumb/v7e-m+fp/hard/crtbegin.o
 .text          0x0000000008000210       0x30 c:/st/stm32cubeide_1.9.0/stm32cubeide/plugins/com.st.stm32cube.ide.mcu.externaltools.gnu-tools-for-stm32.10.3-2021.10.win32_1.0.0.202111181127/tools/bin/../lib/gcc/arm-none-eabi/10.3.1/thumb/v7e-m+fp/hard\libgcc.a(_aeabi_uldivmod.o)
                0x0000000008000210                __aeabi_uldivmod
 .text          0x0000000008000240      0x2d0 c:/st/stm32cubeide_1.9.0/stm32cubeide/plugins/com.st.stm32cube.ide.mcu.externaltools.gnu-tools-for-stm32.10.3-2021.10.win32_1.0.0.202111181127/tools/bin/../lib/gcc/arm-none-eabi/10.3.1/thumb/v7e-m+fp/hard\libgcc.a(_udivmoddi4.o)
                0x0000000008000240                __udivmoddi4
 .text          0x0000000008000510        0x4 c:/st/stm32cubeide_1.9.0/stm32cubeide/plugins/com.st.stm32cube.ide.mcu.externaltools.gnu-tools-for-stm32.10.3-2021.10.win32_1.0.0.202111181127/tools/bin/../lib/gcc/arm-none-eabi/10.3.1/thumb/v7e-m+fp/hard\libgcc.a(_dvmd_tls.o)
                0x0000000008000510                __aeabi_idiv0
                0x0000000008000510                __aeabi_ldiv0
 *(.text*)
 .text.vApplicationGetIdleTaskMemory
                0x0000000008000514       0x34 ./Core/Src/freertos.o
                0x0000000008000514                vApplicationGetIdleTaskMemory
 .text.MX_FREERTOS_Init
                0x0000000008000548       0x38 ./Core/Src/freertos.o
                0x0000000008000548                MX_FREERTOS_Init
 .text.StartDefaultTask
                0x0000000008000580       0x10 ./Core/Src/freertos.o
                0x0000000008000580                StartDefaultTask
 .text.MX_GPIO_Init
                0x0000000008000590       0xac ./Core/Src/gpio.o
                0x0000000008000590                MX_GPIO_Init
 .text.main     0x000000000800063c       0x1e ./Core/Src/main.o
                0x000000000800063c                main
 *fill*         0x000000000800065a        0x2 
 .text.SystemClock_Config
                0x000000000800065c       0xdc ./Core/Src/main.o
                0x000000000800065c                SystemClock_Config
 .text.HAL_TIM_PeriodElapsedCallback
                0x0000000008000738       0x24 ./Core/Src/main.o
                0x0000000008000738                HAL_TIM_PeriodElapsedCallback
 .text.Error_Handler
                0x000000000800075c        0xa ./Core/Src/main.o
                0x000000000800075c                Error_Handler
 *fill*         0x0000000008000766        0x2 
 .text.HAL_MspInit
                0x0000000008000768       0x50 ./Core/Src/stm32f7xx_hal_msp.o
                0x0000000008000768                HAL_MspInit
 .text.HAL_InitTick
                0x00000000080007b8       0xb0 ./Core/Src/stm32f7xx_hal_timebase_tim.o
                0x00000000080007b8                HAL_InitTick
 .text.NMI_Handler
                0x0000000008000868        0x6 ./Core/Src/stm32f7xx_it.o
                0x0000000008000868                NMI_Handler
 .text.HardFault_Handler
                0x000000000800086e        0x6 ./Core/Src/stm32f7xx_it.o
                0x000000000800086e                HardFault_Handler
 .text.MemManage_Handler
                0x0000000008000874        0x6 ./Core/Src/stm32f7xx_it.o
                0x0000000008000874                MemManage_Handler
 .text.BusFault_Handler
                0x000000000800087a        0x6 ./Core/Src/stm32f7xx_it.o
                0x000000000800087a                BusFault_Handler
 .text.UsageFault_Handler
                0x0000000008000880        0x6 ./Core/Src/stm32f7xx_it.o
                0x0000000008000880                UsageFault_Handler
 .text.DebugMon_Handler
                0x0000000008000886        0xe ./Core/Src/stm32f7xx_it.o
                0x0000000008000886                DebugMon_Handler
 .text.TIM6_DAC_IRQHandler
                0x0000000008000894       0x14 ./Core/Src/stm32f7xx_it.o
                0x0000000008000894                TIM6_DAC_IRQHandler
 .text.SystemInit
                0x00000000080008a8       0x24 ./Core/Src/system_stm32f7xx.o
                0x00000000080008a8                SystemInit
 .text.MX_USART1_UART_Init
                0x00000000080008cc       0x60 ./Core/Src/usart.o
                0x00000000080008cc                MX_USART1_UART_Init
 .text.HAL_UART_MspInit
                0x000000000800092c      0x104 ./Core/Src/usart.o
                0x000000000800092c                HAL_UART_MspInit
 .text.Reset_Handler
                0x0000000008000a30       0x50 ./Core/Startup/startup_stm32f746nghx.o
                0x0000000008000a30                Reset_Handler
 .text.Default_Handler
                0x0000000008000a80        0x2 ./Core/Startup/startup_stm32f746nghx.o
                0x0000000008000a80                RTC_Alarm_IRQHandler
                0x0000000008000a80                EXTI2_IRQHandler
                0x0000000008000a80                TIM8_CC_IRQHandler
                0x0000000008000a80                UART8_IRQHandler
                0x0000000008000a80                SPI4_IRQHandler
                0x0000000008000a80                TIM1_CC_IRQHandler
                0x0000000008000a80                DMA2_Stream5_IRQHandler
                0x0000000008000a80                DMA1_Stream5_IRQHandler
                0x0000000008000a80                PVD_IRQHandler
                0x0000000008000a80                TAMP_STAMP_IRQHandler
                0x0000000008000a80                CAN2_RX1_IRQHandler
                0x0000000008000a80                EXTI3_IRQHandler
                0x0000000008000a80                TIM8_TRG_COM_TIM14_IRQHandler
                0x0000000008000a80                TIM1_UP_TIM10_IRQHandler
                0x0000000008000a80                TIM8_UP_TIM13_IRQHandler
                0x0000000008000a80                I2C3_ER_IRQHandler
                0x0000000008000a80                EXTI0_IRQHandler
                0x0000000008000a80                I2C2_EV_IRQHandler
                0x0000000008000a80                DMA1_Stream2_IRQHandler
                0x0000000008000a80                CAN1_RX0_IRQHandler
                0x0000000008000a80                FPU_IRQHandler
                0x0000000008000a80                OTG_HS_WKUP_IRQHandler
                0x0000000008000a80                LTDC_ER_IRQHandler
                0x0000000008000a80                CAN2_SCE_IRQHandler
                0x0000000008000a80                DMA2_Stream2_IRQHandler
                0x0000000008000a80                SPI1_IRQHandler
                0x0000000008000a80                TIM1_BRK_TIM9_IRQHandler
                0x0000000008000a80                DCMI_IRQHandler
                0x0000000008000a80                CAN2_RX0_IRQHandler
                0x0000000008000a80                DMA2_Stream3_IRQHandler
                0x0000000008000a80                SAI2_IRQHandler
                0x0000000008000a80                USART6_IRQHandler
                0x0000000008000a80                USART3_IRQHandler
                0x0000000008000a80                CAN1_RX1_IRQHandler
                0x0000000008000a80                UART5_IRQHandler
                0x0000000008000a80                DMA2_Stream0_IRQHandler
                0x0000000008000a80                TIM4_IRQHandler
                0x0000000008000a80                QUADSPI_IRQHandler
                0x0000000008000a80                I2C1_EV_IRQHandler
                0x0000000008000a80                DMA1_Stream6_IRQHandler
                0x0000000008000a80                DMA1_Stream1_IRQHandler
                0x0000000008000a80                UART4_IRQHandler
                0x0000000008000a80                TIM3_IRQHandler
                0x0000000008000a80                RCC_IRQHandler
                0x0000000008000a80                TIM8_BRK_TIM12_IRQHandler
                0x0000000008000a80                Default_Handler
                0x0000000008000a80                CEC_IRQHandler
                0x0000000008000a80                EXTI15_10_IRQHandler
                0x0000000008000a80                ADC_IRQHandler
                0x0000000008000a80                DMA1_Stream7_IRQHandler
                0x0000000008000a80                SPI5_IRQHandler
                0x0000000008000a80                TIM7_IRQHandler
                0x0000000008000a80                SDMMC1_IRQHandler
                0x0000000008000a80                CAN2_TX_IRQHandler
                0x0000000008000a80                TIM5_IRQHandler
                0x0000000008000a80                DMA2_Stream7_IRQHandler
                0x0000000008000a80                I2C3_EV_IRQHandler
                0x0000000008000a80                EXTI9_5_IRQHandler
                0x0000000008000a80                RTC_WKUP_IRQHandler
                0x0000000008000a80                LTDC_IRQHandler
                0x0000000008000a80                ETH_WKUP_IRQHandler
                0x0000000008000a80                SPDIF_RX_IRQHandler
                0x0000000008000a80                SPI2_IRQHandler
                0x0000000008000a80                OTG_HS_EP1_IN_IRQHandler
                0x0000000008000a80                DMA1_Stream0_IRQHandler
                0x0000000008000a80                CAN1_TX_IRQHandler
                0x0000000008000a80                EXTI4_IRQHandler
                0x0000000008000a80                RNG_IRQHandler
                0x0000000008000a80                ETH_IRQHandler
                0x0000000008000a80                OTG_HS_EP1_OUT_IRQHandler
                0x0000000008000a80                WWDG_IRQHandler
                0x0000000008000a80                SPI6_IRQHandler
                0x0000000008000a80                I2C4_EV_IRQHandler
                0x0000000008000a80                TIM2_IRQHandler
                0x0000000008000a80                OTG_FS_WKUP_IRQHandler
                0x0000000008000a80                TIM1_TRG_COM_TIM11_IRQHandler
                0x0000000008000a80                OTG_HS_IRQHandler
                0x0000000008000a80                DMA2D_IRQHandler
                0x0000000008000a80                EXTI1_IRQHandler
                0x0000000008000a80                UART7_IRQHandler
                0x0000000008000a80                USART2_IRQHandler
                0x0000000008000a80                I2C2_ER_IRQHandler
                0x0000000008000a80                DMA2_Stream1_IRQHandler
                0x0000000008000a80                CAN1_SCE_IRQHandler
                0x0000000008000a80                FLASH_IRQHandler
                0x0000000008000a80                DMA2_Stream4_IRQHandler
                0x0000000008000a80                USART1_IRQHandler
                0x0000000008000a80                OTG_FS_IRQHandler
                0x0000000008000a80                SPI3_IRQHandler
                0x0000000008000a80                DMA1_Stream4_IRQHandler
                0x0000000008000a80                I2C1_ER_IRQHandler
                0x0000000008000a80                FMC_IRQHandler
                0x0000000008000a80                LPTIM1_IRQHandler
                0x0000000008000a80                I2C4_ER_IRQHandler
                0x0000000008000a80                DMA2_Stream6_IRQHandler
                0x0000000008000a80                SAI1_IRQHandler
                0x0000000008000a80                DMA1_Stream3_IRQHandler
 .text.HAL_Init
                0x0000000008000a82       0x1a ./Drivers/STM32F7xx_HAL_Driver/Src/stm32f7xx_hal.o
                0x0000000008000a82                HAL_Init
 .text.HAL_IncTick
                0x0000000008000a9c       0x28 ./Drivers/STM32F7xx_HAL_Driver/Src/stm32f7xx_hal.o
                0x0000000008000a9c                HAL_IncTick
 .text.HAL_GetTick
                0x0000000008000ac4       0x18 ./Drivers/STM32F7xx_HAL_Driver/Src/stm32f7xx_hal.o
                0x0000000008000ac4                HAL_GetTick
 .text.__NVIC_SetPriorityGrouping
                0x0000000008000adc       0x48 ./Drivers/STM32F7xx_HAL_Driver/Src/stm32f7xx_hal_cortex.o
 .text.__NVIC_GetPriorityGrouping
                0x0000000008000b24       0x1c ./Drivers/STM32F7xx_HAL_Driver/Src/stm32f7xx_hal_cortex.o
 .text.__NVIC_EnableIRQ
                0x0000000008000b40       0x3c ./Drivers/STM32F7xx_HAL_Driver/Src/stm32f7xx_hal_cortex.o
 .text.__NVIC_SetPriority
                0x0000000008000b7c       0x54 ./Drivers/STM32F7xx_HAL_Driver/Src/stm32f7xx_hal_cortex.o
 .text.NVIC_EncodePriority
                0x0000000008000bd0       0x66 ./Drivers/STM32F7xx_HAL_Driver/Src/stm32f7xx_hal_cortex.o
 .text.HAL_NVIC_SetPriorityGrouping
                0x0000000008000c36       0x16 ./Drivers/STM32F7xx_HAL_Driver/Src/stm32f7xx_hal_cortex.o
                0x0000000008000c36                HAL_NVIC_SetPriorityGrouping
 .text.HAL_NVIC_SetPriority
                0x0000000008000c4c       0x38 ./Drivers/STM32F7xx_HAL_Driver/Src/stm32f7xx_hal_cortex.o
                0x0000000008000c4c                HAL_NVIC_SetPriority
 .text.HAL_NVIC_EnableIRQ
                0x0000000008000c84       0x1c ./Drivers/STM32F7xx_HAL_Driver/Src/stm32f7xx_hal_cortex.o
                0x0000000008000c84                HAL_NVIC_EnableIRQ
 .text.HAL_GPIO_Init
                0x0000000008000ca0      0x358 ./Drivers/STM32F7xx_HAL_Driver/Src/stm32f7xx_hal_gpio.o
                0x0000000008000ca0                HAL_GPIO_Init
 .text.HAL_GPIO_WritePin
                0x0000000008000ff8       0x32 ./Drivers/STM32F7xx_HAL_Driver/Src/stm32f7xx_hal_gpio.o
                0x0000000008000ff8                HAL_GPIO_WritePin
 *fill*         0x000000000800102a        0x2 
 .text.HAL_PWREx_EnableOverDrive
                0x000000000800102c       0xa0 ./Drivers/STM32F7xx_HAL_Driver/Src/stm32f7xx_hal_pwr_ex.o
                0x000000000800102c                HAL_PWREx_EnableOverDrive
 .text.HAL_RCC_OscConfig
                0x00000000080010cc      0x548 ./Drivers/STM32F7xx_HAL_Driver/Src/stm32f7xx_hal_rcc.o
                0x00000000080010cc                HAL_RCC_OscConfig
 .text.HAL_RCC_ClockConfig
                0x0000000008001614      0x1d8 ./Drivers/STM32F7xx_HAL_Driver/Src/stm32f7xx_hal_rcc.o
                0x0000000008001614                HAL_RCC_ClockConfig
 .text.HAL_RCC_GetSysClockFreq
                0x00000000080017ec      0x18c ./Drivers/STM32F7xx_HAL_Driver/Src/stm32f7xx_hal_rcc.o
                0x00000000080017ec                HAL_RCC_GetSysClockFreq
 .text.HAL_RCC_GetHCLKFreq
                0x0000000008001978       0x18 ./Drivers/STM32F7xx_HAL_Driver/Src/stm32f7xx_hal_rcc.o
                0x0000000008001978                HAL_RCC_GetHCLKFreq
 .text.HAL_RCC_GetPCLK1Freq
                0x0000000008001990       0x28 ./Drivers/STM32F7xx_HAL_Driver/Src/stm32f7xx_hal_rcc.o
                0x0000000008001990                HAL_RCC_GetPCLK1Freq
 .text.HAL_RCC_GetPCLK2Freq
                0x00000000080019b8       0x28 ./Drivers/STM32F7xx_HAL_Driver/Src/stm32f7xx_hal_rcc.o
                0x00000000080019b8                HAL_RCC_GetPCLK2Freq
 .text.HAL_RCC_GetClockConfig
                0x00000000080019e0       0x64 ./Drivers/STM32F7xx_HAL_Driver/Src/stm32f7xx_hal_rcc.o
                0x00000000080019e0                HAL_RCC_GetClockConfig
 .text.HAL_RCCEx_PeriphCLKConfig
                0x0000000008001a44      0x7e0 ./Drivers/STM32F7xx_HAL_Driver/Src/stm32f7xx_hal_rcc_ex.o
                0x0000000008001a44                HAL_RCCEx_PeriphCLKConfig
 .text.HAL_TIM_Base_Init
                0x0000000008002224       0xae ./Drivers/STM32F7xx_HAL_Driver/Src/stm32f7xx_hal_tim.o
                0x0000000008002224                HAL_TIM_Base_Init
 .text.HAL_TIM_Base_MspInit
                0x00000000080022d2       0x14 ./Drivers/STM32F7xx_HAL_Driver/Src/stm32f7xx_hal_tim.o
                0x00000000080022d2                HAL_TIM_Base_MspInit
 *fill*         0x00000000080022e6        0x2 
 .text.HAL_TIM_Base_Start_IT
                0x00000000080022e8       0xf0 ./Drivers/STM32F7xx_HAL_Driver/Src/stm32f7xx_hal_tim.o
                0x00000000080022e8                HAL_TIM_Base_Start_IT
 .text.HAL_TIM_IRQHandler
                0x00000000080023d8      0x23e ./Drivers/STM32F7xx_HAL_Driver/Src/stm32f7xx_hal_tim.o
                0x00000000080023d8                HAL_TIM_IRQHandler
 .text.HAL_TIM_OC_DelayElapsedCallback
                0x0000000008002616       0x14 ./Drivers/STM32F7xx_HAL_Driver/Src/stm32f7xx_hal_tim.o
                0x0000000008002616                HAL_TIM_OC_DelayElapsedCallback
 .text.HAL_TIM_IC_CaptureCallback
                0x000000000800262a       0x14 ./Drivers/STM32F7xx_HAL_Driver/Src/stm32f7xx_hal_tim.o
                0x000000000800262a                HAL_TIM_IC_CaptureCallback
 .text.HAL_TIM_PWM_PulseFinishedCallback
                0x000000000800263e       0x14 ./Drivers/STM32F7xx_HAL_Driver/Src/stm32f7xx_hal_tim.o
                0x000000000800263e                HAL_TIM_PWM_PulseFinishedCallback
 .text.HAL_TIM_TriggerCallback
                0x0000000008002652       0x14 ./Drivers/STM32F7xx_HAL_Driver/Src/stm32f7xx_hal_tim.o
                0x0000000008002652                HAL_TIM_TriggerCallback
 *fill*         0x0000000008002666        0x2 
 .text.TIM_Base_SetConfig
                0x0000000008002668      0x140 ./Drivers/STM32F7xx_HAL_Driver/Src/stm32f7xx_hal_tim.o
                0x0000000008002668                TIM_Base_SetConfig
 .text.HAL_TIMEx_CommutCallback
                0x00000000080027a8       0x14 ./Drivers/STM32F7xx_HAL_Driver/Src/stm32f7xx_hal_tim_ex.o
                0x00000000080027a8                HAL_TIMEx_CommutCallback
 .text.HAL_TIMEx_BreakCallback
                0x00000000080027bc       0x14 ./Drivers/STM32F7xx_HAL_Driver/Src/stm32f7xx_hal_tim_ex.o
                0x00000000080027bc                HAL_TIMEx_BreakCallback
 .text.HAL_TIMEx_Break2Callback
                0x00000000080027d0       0x14 ./Drivers/STM32F7xx_HAL_Driver/Src/stm32f7xx_hal_tim_ex.o
                0x00000000080027d0                HAL_TIMEx_Break2Callback
 .text.HAL_UART_Init
                0x00000000080027e4       0x9c ./Drivers/STM32F7xx_HAL_Driver/Src/stm32f7xx_hal_uart.o
                0x00000000080027e4                HAL_UART_Init
 .text.UART_SetConfig
                0x0000000008002880      0x4c8 ./Drivers/STM32F7xx_HAL_Driver/Src/stm32f7xx_hal_uart.o
                0x0000000008002880                UART_SetConfig
 .text.UART_AdvFeatureConfig
                0x0000000008002d48      0x144 ./Drivers/STM32F7xx_HAL_Driver/Src/stm32f7xx_hal_uart.o
                0x0000000008002d48                UART_AdvFeatureConfig
 .text.UART_CheckIdleState
                0x0000000008002e8c       0x66 ./Drivers/STM32F7xx_HAL_Driver/Src/stm32f7xx_hal_uart.o
                0x0000000008002e8c                UART_CheckIdleState
 .text.UART_WaitOnFlagUntilTimeout
                0x0000000008002ef2      0x188 ./Drivers/STM32F7xx_HAL_Driver/Src/stm32f7xx_hal_uart.o
                0x0000000008002ef2                UART_WaitOnFlagUntilTimeout
 .text.makeFreeRtosPriority
                0x000000000800307a       0x30 ./Middlewares/Third_Party/FreeRTOS/Source/CMSIS_RTOS/cmsis_os.o
 .text.osKernelStart
                0x00000000080030aa        0xe ./Middlewares/Third_Party/FreeRTOS/Source/CMSIS_RTOS/cmsis_os.o
                0x00000000080030aa                osKernelStart
 .text.osThreadCreate
                0x00000000080030b8       0x98 ./Middlewares/Third_Party/FreeRTOS/Source/CMSIS_RTOS/cmsis_os.o
                0x00000000080030b8                osThreadCreate
 .text.osDelay  0x0000000008003150       0x28 ./Middlewares/Third_Party/FreeRTOS/Source/CMSIS_RTOS/cmsis_os.o
                0x0000000008003150                osDelay
 .text.vListInitialise
                0x0000000008003178       0x40 ./Middlewares/Third_Party/FreeRTOS/Source/list.o
                0x0000000008003178                vListInitialise
 .text.vListInitialiseItem
                0x00000000080031b8       0x1a ./Middlewares/Third_Party/FreeRTOS/Source/list.o
                0x00000000080031b8                vListInitialiseItem
 .text.vListInsertEnd
                0x00000000080031d2       0x48 ./Middlewares/Third_Party/FreeRTOS/Source/list.o
                0x00000000080031d2                vListInsertEnd
 .text.vListInsert
                0x000000000800321a       0x72 ./Middlewares/Third_Party/FreeRTOS/Source/list.o
                0x000000000800321a                vListInsert
 .text.uxListRemove
                0x000000000800328c       0x54 ./Middlewares/Third_Party/FreeRTOS/Source/list.o
                0x000000000800328c                uxListRemove
 .text.xTaskCreateStatic
                0x00000000080032e0       0xc6 ./Middlewares/Third_Party/FreeRTOS/Source/tasks.o
                0x00000000080032e0                xTaskCreateStatic
 .text.xTaskCreate
                0x00000000080033a6       0x8a ./Middlewares/Third_Party/FreeRTOS/Source/tasks.o
                0x00000000080033a6                xTaskCreate
 .text.prvInitialiseNewTask
                0x0000000008003430      0x112 ./Middlewares/Third_Party/FreeRTOS/Source/tasks.o
 *fill*         0x0000000008003542        0x2 
 .text.prvAddNewTaskToReadyList
                0x0000000008003544       0xd4 ./Middlewares/Third_Party/FreeRTOS/Source/tasks.o
 .text.vTaskDelay
                0x0000000008003618       0x6c ./Middlewares/Third_Party/FreeRTOS/Source/tasks.o
                0x0000000008003618                vTaskDelay
 .text.vTaskStartScheduler
                0x0000000008003684       0xc8 ./Middlewares/Third_Party/FreeRTOS/Source/tasks.o
                0x0000000008003684                vTaskStartScheduler
 .text.vTaskSuspendAll
                0x000000000800374c       0x1c ./Middlewares/Third_Party/FreeRTOS/Source/tasks.o
                0x000000000800374c                vTaskSuspendAll
 .text.xTaskResumeAll
                0x0000000008003768      0x13c ./Middlewares/Third_Party/FreeRTOS/Source/tasks.o
                0x0000000008003768                xTaskResumeAll
 .text.xTaskIncrementTick
                0x00000000080038a4      0x174 ./Middlewares/Third_Party/FreeRTOS/Source/tasks.o
                0x00000000080038a4                xTaskIncrementTick
 .text.vTaskSwitchContext
                0x0000000008003a18       0xbc ./Middlewares/Third_Party/FreeRTOS/Source/tasks.o
                0x0000000008003a18                vTaskSwitchContext
 .text.prvIdleTask
                0x0000000008003ad4       0x30 ./Middlewares/Third_Party/FreeRTOS/Source/tasks.o
 .text.prvInitialiseTaskLists
                0x0000000008003b04       0x80 ./Middlewares/Third_Party/FreeRTOS/Source/tasks.o
 .text.prvCheckTasksWaitingTermination
                0x0000000008003b84       0x5c ./Middlewares/Third_Party/FreeRTOS/Source/tasks.o
 .text.prvDeleteTCB
                0x0000000008003be0       0x62 ./Middlewares/Third_Party/FreeRTOS/Source/tasks.o
 *fill*         0x0000000008003c42        0x2 
 .text.prvResetNextTaskUnblockTime
                0x0000000008003c44       0x40 ./Middlewares/Third_Party/FreeRTOS/Source/tasks.o
 .text.prvAddCurrentTaskToDelayedList
                0x0000000008003c84       0xcc ./Middlewares/Third_Party/FreeRTOS/Source/tasks.o
 .text.pxPortInitialiseStack
                0x0000000008003d50       0x68 ./Middlewares/Third_Party/FreeRTOS/Source/portable/GCC/ARM_CM7/r0p1/port.o
                0x0000000008003d50                pxPortInitialiseStack
 .text.prvTaskExitError
                0x0000000008003db8       0x60 ./Middlewares/Third_Party/FreeRTOS/Source/portable/GCC/ARM_CM7/r0p1/port.o
 *fill*         0x0000000008003e18        0x8 
 .text.SVC_Handler
                0x0000000008003e20       0x28 ./Middlewares/Third_Party/FreeRTOS/Source/portable/GCC/ARM_CM7/r0p1/port.o
                0x0000000008003e20                SVC_Handler
 .text.prvPortStartFirstTask
                0x0000000008003e48       0x28 ./Middlewares/Third_Party/FreeRTOS/Source/portable/GCC/ARM_CM7/r0p1/port.o
 .text.xPortStartScheduler
                0x0000000008003e70       0xfc ./Middlewares/Third_Party/FreeRTOS/Source/portable/GCC/ARM_CM7/r0p1/port.o
                0x0000000008003e70                xPortStartScheduler
 .text.vPortEnterCritical
                0x0000000008003f6c       0x68 ./Middlewares/Third_Party/FreeRTOS/Source/portable/GCC/ARM_CM7/r0p1/port.o
                0x0000000008003f6c                vPortEnterCritical
 .text.vPortExitCritical
                0x0000000008003fd4       0x58 ./Middlewares/Third_Party/FreeRTOS/Source/portable/GCC/ARM_CM7/r0p1/port.o
                0x0000000008003fd4                vPortExitCritical
 *fill*         0x000000000800402c        0x4 
 .text.PendSV_Handler
                0x0000000008004030       0x68 ./Middlewares/Third_Party/FreeRTOS/Source/portable/GCC/ARM_CM7/r0p1/port.o
                0x0000000008004030                PendSV_Handler
 .text.SysTick_Handler
                0x0000000008004098       0x48 ./Middlewares/Third_Party/FreeRTOS/Source/portable/GCC/ARM_CM7/r0p1/port.o
                0x0000000008004098                SysTick_Handler
 .text.vPortSetupTimerInterrupt
                0x00000000080040e0       0x48 ./Middlewares/Third_Party/FreeRTOS/Source/portable/GCC/ARM_CM7/r0p1/port.o
                0x00000000080040e0                vPortSetupTimerInterrupt
 .text.vPortEnableVFP
                0x0000000008004128       0x14 ./Middlewares/Third_Party/FreeRTOS/Source/portable/GCC/ARM_CM7/r0p1/port.o
 .text.pvPortMalloc
                0x000000000800413c      0x194 ./Middlewares/Third_Party/FreeRTOS/Source/portable/MemMang/heap_4.o
                0x000000000800413c                pvPortMalloc
 .text.vPortFree
                0x00000000080042d0       0xbc ./Middlewares/Third_Party/FreeRTOS/Source/portable/MemMang/heap_4.o
                0x00000000080042d0                vPortFree
 .text.prvHeapInit
                0x000000000800438c       0xc4 ./Middlewares/Third_Party/FreeRTOS/Source/portable/MemMang/heap_4.o
 .text.prvInsertBlockIntoFreeList
                0x0000000008004450       0xb4 ./Middlewares/Third_Party/FreeRTOS/Source/portable/MemMang/heap_4.o
 .text.__libc_init_array
                0x0000000008004504       0x48 c:/st/stm32cubeide_1.9.0/stm32cubeide/plugins/com.st.stm32cube.ide.mcu.externaltools.gnu-tools-for-stm32.10.3-2021.10.win32_1.0.0.202111181127/tools/bin/../lib/gcc/arm-none-eabi/10.3.1/../../../../arm-none-eabi/lib/thumb/v7e-m+fp/hard\libc_nano.a(lib_a-init.o)
                0x0000000008004504                __libc_init_array
 .text.memset   0x000000000800454c       0x10 c:/st/stm32cubeide_1.9.0/stm32cubeide/plugins/com.st.stm32cube.ide.mcu.externaltools.gnu-tools-for-stm32.10.3-2021.10.win32_1.0.0.202111181127/tools/bin/../lib/gcc/arm-none-eabi/10.3.1/../../../../arm-none-eabi/lib/thumb/v7e-m+fp/hard\libc_nano.a(lib_a-memset.o)
                0x000000000800454c                memset
 *(.glue_7)
 .glue_7        0x000000000800455c        0x0 linker stubs
 *(.glue_7t)
 .glue_7t       0x000000000800455c        0x0 linker stubs
 *(.eh_frame)
 .eh_frame      0x000000000800455c        0x0 c:/st/stm32cubeide_1.9.0/stm32cubeide/plugins/com.st.stm32cube.ide.mcu.externaltools.gnu-tools-for-stm32.10.3-2021.10.win32_1.0.0.202111181127/tools/bin/../lib/gcc/arm-none-eabi/10.3.1/thumb/v7e-m+fp/hard/crtbegin.o
 *(.init)
 .init          0x000000000800455c        0x4 c:/st/stm32cubeide_1.9.0/stm32cubeide/plugins/com.st.stm32cube.ide.mcu.externaltools.gnu-tools-for-stm32.10.3-2021.10.win32_1.0.0.202111181127/tools/bin/../lib/gcc/arm-none-eabi/10.3.1/thumb/v7e-m+fp/hard/crti.o
                0x000000000800455c                _init
 .init          0x0000000008004560        0x8 c:/st/stm32cubeide_1.9.0/stm32cubeide/plugins/com.st.stm32cube.ide.mcu.externaltools.gnu-tools-for-stm32.10.3-2021.10.win32_1.0.0.202111181127/tools/bin/../lib/gcc/arm-none-eabi/10.3.1/thumb/v7e-m+fp/hard/crtn.o
 *(.fini)
 .fini          0x0000000008004568        0x4 c:/st/stm32cubeide_1.9.0/stm32cubeide/plugins/com.st.stm32cube.ide.mcu.externaltools.gnu-tools-for-stm32.10.3-2021.10.win32_1.0.0.202111181127/tools/bin/../lib/gcc/arm-none-eabi/10.3.1/thumb/v7e-m+fp/hard/crti.o
                0x0000000008004568                _fini
 .fini          0x000000000800456c        0x8 c:/st/stm32cubeide_1.9.0/stm32cubeide/plugins/com.st.stm32cube.ide.mcu.externaltools.gnu-tools-for-stm32.10.3-2021.10.win32_1.0.0.202111181127/tools/bin/../lib/gcc/arm-none-eabi/10.3.1/thumb/v7e-m+fp/hard/crtn.o
                0x0000000008004574                . = ALIGN (0x4)
                0x0000000008004574                _etext = .

.vfp11_veneer   0x0000000008004574        0x0
 .vfp11_veneer  0x0000000008004574        0x0 linker stubs

.v4_bx          0x0000000008004574        0x0
 .v4_bx         0x0000000008004574        0x0 linker stubs

.iplt           0x0000000008004574        0x0
 .iplt          0x0000000008004574        0x0 c:/st/stm32cubeide_1.9.0/stm32cubeide/plugins/com.st.stm32cube.ide.mcu.externaltools.gnu-tools-for-stm32.10.3-2021.10.win32_1.0.0.202111181127/tools/bin/../lib/gcc/arm-none-eabi/10.3.1/thumb/v7e-m+fp/hard/crtbegin.o

.rodata         0x0000000008004574       0x48
                0x0000000008004574                . = ALIGN (0x4)
 *(.rodata)
 .rodata        0x0000000008004574       0x28 ./Core/Src/freertos.o
 .rodata        0x000000000800459c        0x5 ./Middlewares/Third_Party/FreeRTOS/Source/tasks.o
 *(.rodata*)
 *fill*         0x00000000080045a1        0x3 
 .rodata.AHBPrescTable
                0x00000000080045a4       0x10 ./Core/Src/system_stm32f7xx.o
                0x00000000080045a4                AHBPrescTable
 .rodata.APBPrescTable
                0x00000000080045b4        0x8 ./Core/Src/system_stm32f7xx.o
                0x00000000080045b4                APBPrescTable
                0x00000000080045bc                . = ALIGN (0x4)

.ARM.extab      0x00000000080045bc        0x0
                0x00000000080045bc                . = ALIGN (0x4)
 *(.ARM.extab* .gnu.linkonce.armextab.*)
                0x00000000080045bc                . = ALIGN (0x4)

.ARM            0x00000000080045bc        0x8
                0x00000000080045bc                . = ALIGN (0x4)
                0x00000000080045bc                __exidx_start = .
 *(.ARM.exidx*)
 .ARM.exidx     0x00000000080045bc        0x8 c:/st/stm32cubeide_1.9.0/stm32cubeide/plugins/com.st.stm32cube.ide.mcu.externaltools.gnu-tools-for-stm32.10.3-2021.10.win32_1.0.0.202111181127/tools/bin/../lib/gcc/arm-none-eabi/10.3.1/thumb/v7e-m+fp/hard\libgcc.a(_udivmoddi4.o)
                0x00000000080045c4                __exidx_end = .
                0x00000000080045c4                . = ALIGN (0x4)

.rel.dyn        0x00000000080045c4        0x0
 .rel.iplt      0x00000000080045c4        0x0 c:/st/stm32cubeide_1.9.0/stm32cubeide/plugins/com.st.stm32cube.ide.mcu.externaltools.gnu-tools-for-stm32.10.3-2021.10.win32_1.0.0.202111181127/tools/bin/../lib/gcc/arm-none-eabi/10.3.1/thumb/v7e-m+fp/hard/crtbegin.o

.preinit_array  0x00000000080045c4        0x0
                0x00000000080045c4                . = ALIGN (0x4)
                0x00000000080045c4                PROVIDE (__preinit_array_start = .)
 *(.preinit_array*)
                0x00000000080045c4                PROVIDE (__preinit_array_end = .)
                0x00000000080045c4                . = ALIGN (0x4)

.init_array     0x00000000080045c4        0x4
                0x00000000080045c4                . = ALIGN (0x4)
                0x00000000080045c4                PROVIDE (__init_array_start = .)
 *(SORT_BY_NAME(.init_array.*))
 *(.init_array*)
 .init_array    0x00000000080045c4        0x4 c:/st/stm32cubeide_1.9.0/stm32cubeide/plugins/com.st.stm32cube.ide.mcu.externaltools.gnu-tools-for-stm32.10.3-2021.10.win32_1.0.0.202111181127/tools/bin/../lib/gcc/arm-none-eabi/10.3.1/thumb/v7e-m+fp/hard/crtbegin.o
                0x00000000080045c8                PROVIDE (__init_array_end = .)
                0x00000000080045c8                . = ALIGN (0x4)

.fini_array     0x00000000080045c8        0x4
                0x00000000080045c8                . = ALIGN (0x4)
                [!provide]                        PROVIDE (__fini_array_start = .)
 *(SORT_BY_NAME(.fini_array.*))
 *(.fini_array*)
 .fini_array    0x00000000080045c8        0x4 c:/st/stm32cubeide_1.9.0/stm32cubeide/plugins/com.st.stm32cube.ide.mcu.externaltools.gnu-tools-for-stm32.10.3-2021.10.win32_1.0.0.202111181127/tools/bin/../lib/gcc/arm-none-eabi/10.3.1/thumb/v7e-m+fp/hard/crtbegin.o
                [!provide]                        PROVIDE (__fini_array_end = .)
                0x00000000080045cc                . = ALIGN (0x4)
                0x00000000080045cc                _sidata = LOADADDR (.data)

.data           0x0000000020000000       0x10 load address 0x00000000080045cc
                0x0000000020000000                . = ALIGN (0x4)
                0x0000000020000000                _sdata = .
 *(.data)
 *(.data*)
 .data.SystemCoreClock
                0x0000000020000000        0x4 ./Core/Src/system_stm32f7xx.o
                0x0000000020000000                SystemCoreClock
 .data.uwTickPrio
                0x0000000020000004        0x4 ./Drivers/STM32F7xx_HAL_Driver/Src/stm32f7xx_hal.o
                0x0000000020000004                uwTickPrio
 .data.uwTickFreq
                0x0000000020000008        0x1 ./Drivers/STM32F7xx_HAL_Driver/Src/stm32f7xx_hal.o
                0x0000000020000008                uwTickFreq
 *fill*         0x0000000020000009        0x3 
 .data.uxCriticalNesting
                0x000000002000000c        0x4 ./Middlewares/Third_Party/FreeRTOS/Source/portable/GCC/ARM_CM7/r0p1/port.o
 *(.RamFunc)
 *(.RamFunc*)
                0x0000000020000010                . = ALIGN (0x4)
                0x0000000020000010                _edata = .

.igot.plt       0x0000000020000010        0x0 load address 0x00000000080045dc
 .igot.plt      0x0000000020000010        0x0 c:/st/stm32cubeide_1.9.0/stm32cubeide/plugins/com.st.stm32cube.ide.mcu.externaltools.gnu-tools-for-stm32.10.3-2021.10.win32_1.0.0.202111181127/tools/bin/../lib/gcc/arm-none-eabi/10.3.1/thumb/v7e-m+fp/hard/crtbegin.o
                0x0000000020000010                . = ALIGN (0x4)

.bss            0x0000000020000010     0x4094 load address 0x00000000080045dc
                0x0000000020000010                _sbss = .
                0x0000000020000010                __bss_start__ = _sbss
 *(.bss)
 .bss           0x0000000020000010       0x1c c:/st/stm32cubeide_1.9.0/stm32cubeide/plugins/com.st.stm32cube.ide.mcu.externaltools.gnu-tools-for-stm32.10.3-2021.10.win32_1.0.0.202111181127/tools/bin/../lib/gcc/arm-none-eabi/10.3.1/thumb/v7e-m+fp/hard/crtbegin.o
 *(.bss*)
 .bss.defaultTaskHandle
                0x000000002000002c        0x4 ./Core/Src/freertos.o
                0x000000002000002c                defaultTaskHandle
 .bss.xIdleTaskTCBBuffer
                0x0000000020000030       0x54 ./Core/Src/freertos.o
 .bss.xIdleStack
                0x0000000020000084      0x200 ./Core/Src/freertos.o
 .bss.htim6     0x0000000020000284       0x4c ./Core/Src/stm32f7xx_hal_timebase_tim.o
                0x0000000020000284                htim6
 .bss.huart1    0x00000000200002d0       0x84 ./Core/Src/usart.o
                0x00000000200002d0                huart1
 .bss.uwTick    0x0000000020000354        0x4 ./Drivers/STM32F7xx_HAL_Driver/Src/stm32f7xx_hal.o
                0x0000000020000354                uwTick
 .bss.pxCurrentTCB
                0x0000000020000358        0x4 ./Middlewares/Third_Party/FreeRTOS/Source/tasks.o
                0x0000000020000358                pxCurrentTCB
 .bss.pxReadyTasksLists
                0x000000002000035c       0x8c ./Middlewares/Third_Party/FreeRTOS/Source/tasks.o
 .bss.xDelayedTaskList1
                0x00000000200003e8       0x14 ./Middlewares/Third_Party/FreeRTOS/Source/tasks.o
 .bss.xDelayedTaskList2
                0x00000000200003fc       0x14 ./Middlewares/Third_Party/FreeRTOS/Source/tasks.o
 .bss.pxDelayedTaskList
                0x0000000020000410        0x4 ./Middlewares/Third_Party/FreeRTOS/Source/tasks.o
 .bss.pxOverflowDelayedTaskList
                0x0000000020000414        0x4 ./Middlewares/Third_Party/FreeRTOS/Source/tasks.o
 .bss.xPendingReadyList
                0x0000000020000418       0x14 ./Middlewares/Third_Party/FreeRTOS/Source/tasks.o
 .bss.xTasksWaitingTermination
                0x000000002000042c       0x14 ./Middlewares/Third_Party/FreeRTOS/Source/tasks.o
 .bss.uxDeletedTasksWaitingCleanUp
                0x0000000020000440        0x4 ./Middlewares/Third_Party/FreeRTOS/Source/tasks.o
 .bss.xSuspendedTaskList
                0x0000000020000444       0x14 ./Middlewares/Third_Party/FreeRTOS/Source/tasks.o
 .bss.uxCurrentNumberOfTasks
                0x0000000020000458        0x4 ./Middlewares/Third_Party/FreeRTOS/Source/tasks.o
 .bss.xTickCount
                0x000000002000045c        0x4 ./Middlewares/Third_Party/FreeRTOS/Source/tasks.o
 .bss.uxTopReadyPriority
                0x0000000020000460        0x4 ./Middlewares/Third_Party/FreeRTOS/Source/tasks.o
 .bss.xSchedulerRunning
                0x0000000020000464        0x4 ./Middlewares/Third_Party/FreeRTOS/Source/tasks.o
 .bss.uxPendedTicks
                0x0000000020000468        0x4 ./Middlewares/Third_Party/FreeRTOS/Source/tasks.o
 .bss.xYieldPending
                0x000000002000046c        0x4 ./Middlewares/Third_Party/FreeRTOS/Source/tasks.o
 .bss.xNumOfOverflows
                0x0000000020000470        0x4 ./Middlewares/Third_Party/FreeRTOS/Source/tasks.o
 .bss.uxTaskNumber
                0x0000000020000474        0x4 ./Middlewares/Third_Party/FreeRTOS/Source/tasks.o
 .bss.xNextTaskUnblockTime
                0x0000000020000478        0x4 ./Middlewares/Third_Party/FreeRTOS/Source/tasks.o
 .bss.xIdleTaskHandle
                0x000000002000047c        0x4 ./Middlewares/Third_Party/FreeRTOS/Source/tasks.o
 .bss.uxSchedulerSuspended
                0x0000000020000480        0x4 ./Middlewares/Third_Party/FreeRTOS/Source/tasks.o
 .bss.ucMaxSysCallPriority
                0x0000000020000484        0x1 ./Middlewares/Third_Party/FreeRTOS/Source/portable/GCC/ARM_CM7/r0p1/port.o
 *fill*         0x0000000020000485        0x3 
 .bss.ulMaxPRIGROUPValue
                0x0000000020000488        0x4 ./Middlewares/Third_Party/FreeRTOS/Source/portable/GCC/ARM_CM7/r0p1/port.o
 .bss.ucHeap    0x000000002000048c     0x3c00 ./Middlewares/Third_Party/FreeRTOS/Source/portable/MemMang/heap_4.o
 .bss.xStart    0x000000002000408c        0x8 ./Middlewares/Third_Party/FreeRTOS/Source/portable/MemMang/heap_4.o
 .bss.pxEnd     0x0000000020004094        0x4 ./Middlewares/Third_Party/FreeRTOS/Source/portable/MemMang/heap_4.o
 .bss.xFreeBytesRemaining
                0x0000000020004098        0x4 ./Middlewares/Third_Party/FreeRTOS/Source/portable/MemMang/heap_4.o
 .bss.xMinimumEverFreeBytesRemaining
                0x000000002000409c        0x4 ./Middlewares/Third_Party/FreeRTOS/Source/portable/MemMang/heap_4.o
 .bss.xBlockAllocatedBit
                0x00000000200040a0        0x4 ./Middlewares/Third_Party/FreeRTOS/Source/portable/MemMang/heap_4.o
 *(COMMON)
                0x00000000200040a4                . = ALIGN (0x4)
                0x00000000200040a4                _ebss = .
                0x00000000200040a4                __bss_end__ = _ebss

._user_heap_stack
                0x00000000200040a4      0x604 load address 0x00000000080045dc
                0x00000000200040a8                . = ALIGN (0x8)
 *fill*         0x00000000200040a4        0x4 
                [!provide]                        PROVIDE (end = .)
                0x00000000200040a8                PROVIDE (_end = .)
                0x00000000200042a8                . = (. + _Min_Heap_Size)
 *fill*         0x00000000200040a8      0x200 
                0x00000000200046a8                . = (. + _Min_Stack_Size)
 *fill*         0x00000000200042a8      0x400 
                0x00000000200046a8                . = ALIGN (0x8)

/DISCARD/
 libc.a(*)
 libm.a(*)
 libgcc.a(*)

.ARM.attributes
                0x0000000000000000       0x30
 *(.ARM.attributes)
 .ARM.attributes
                0x0000000000000000       0x1e c:/st/stm32cubeide_1.9.0/stm32cubeide/plugins/com.st.stm32cube.ide.mcu.externaltools.gnu-tools-for-stm32.10.3-2021.10.win32_1.0.0.202111181127/tools/bin/../lib/gcc/arm-none-eabi/10.3.1/thumb/v7e-m+fp/hard/crti.o
 .ARM.attributes
                0x000000000000001e       0x34 c:/st/stm32cubeide_1.9.0/stm32cubeide/plugins/com.st.stm32cube.ide.mcu.externaltools.gnu-tools-for-stm32.10.3-2021.10.win32_1.0.0.202111181127/tools/bin/../lib/gcc/arm-none-eabi/10.3.1/thumb/v7e-m+fp/hard/crtbegin.o
 .ARM.attributes
                0x0000000000000052       0x34 ./Core/Src/freertos.o
 .ARM.attributes
                0x0000000000000086       0x34 ./Core/Src/gpio.o
 .ARM.attributes
                0x00000000000000ba       0x34 ./Core/Src/main.o
 .ARM.attributes
                0x00000000000000ee       0x34 ./Core/Src/stm32f7xx_hal_msp.o
 .ARM.attributes
                0x0000000000000122       0x34 ./Core/Src/stm32f7xx_hal_timebase_tim.o
 .ARM.attributes
                0x0000000000000156       0x34 ./Core/Src/stm32f7xx_it.o
 .ARM.attributes
                0x000000000000018a       0x34 ./Core/Src/system_stm32f7xx.o
 .ARM.attributes
                0x00000000000001be       0x34 ./Core/Src/usart.o
 .ARM.attributes
                0x00000000000001f2       0x21 ./Core/Startup/startup_stm32f746nghx.o
 .ARM.attributes
                0x0000000000000213       0x34 ./Drivers/STM32F7xx_HAL_Driver/Src/stm32f7xx_hal.o
 .ARM.attributes
                0x0000000000000247       0x34 ./Drivers/STM32F7xx_HAL_Driver/Src/stm32f7xx_hal_cortex.o
 .ARM.attributes
                0x000000000000027b       0x34 ./Drivers/STM32F7xx_HAL_Driver/Src/stm32f7xx_hal_gpio.o
 .ARM.attributes
                0x00000000000002af       0x34 ./Drivers/STM32F7xx_HAL_Driver/Src/stm32f7xx_hal_pwr_ex.o
 .ARM.attributes
                0x00000000000002e3       0x34 ./Drivers/STM32F7xx_HAL_Driver/Src/stm32f7xx_hal_rcc.o
 .ARM.attributes
                0x0000000000000317       0x34 ./Drivers/STM32F7xx_HAL_Driver/Src/stm32f7xx_hal_rcc_ex.o
 .ARM.attributes
                0x000000000000034b       0x34 ./Drivers/STM32F7xx_HAL_Driver/Src/stm32f7xx_hal_tim.o
 .ARM.attributes
                0x000000000000037f       0x34 ./Drivers/STM32F7xx_HAL_Driver/Src/stm32f7xx_hal_tim_ex.o
 .ARM.attributes
                0x00000000000003b3       0x34 ./Drivers/STM32F7xx_HAL_Driver/Src/stm32f7xx_hal_uart.o
 .ARM.attributes
                0x00000000000003e7       0x34 ./Middlewares/Third_Party/FreeRTOS/Source/CMSIS_RTOS/cmsis_os.o
 .ARM.attributes
                0x000000000000041b       0x34 ./Middlewares/Third_Party/FreeRTOS/Source/list.o
 .ARM.attributes
                0x000000000000044f       0x34 ./Middlewares/Third_Party/FreeRTOS/Source/tasks.o
 .ARM.attributes
                0x0000000000000483       0x34 ./Middlewares/Third_Party/FreeRTOS/Source/portable/GCC/ARM_CM7/r0p1/port.o
 .ARM.attributes
                0x00000000000004b7       0x34 ./Middlewares/Third_Party/FreeRTOS/Source/portable/MemMang/heap_4.o
 .ARM.attributes
                0x00000000000004eb       0x34 c:/st/stm32cubeide_1.9.0/stm32cubeide/plugins/com.st.stm32cube.ide.mcu.externaltools.gnu-tools-for-stm32.10.3-2021.10.win32_1.0.0.202111181127/tools/bin/../lib/gcc/arm-none-eabi/10.3.1/../../../../arm-none-eabi/lib/thumb/v7e-m+fp/hard\libc_nano.a(lib_a-init.o)
 .ARM.attributes
                0x000000000000051f       0x34 c:/st/stm32cubeide_1.9.0/stm32cubeide/plugins/com.st.stm32cube.ide.mcu.externaltools.gnu-tools-for-stm32.10.3-2021.10.win32_1.0.0.202111181127/tools/bin/../lib/gcc/arm-none-eabi/10.3.1/../../../../arm-none-eabi/lib/thumb/v7e-m+fp/hard\libc_nano.a(lib_a-memset.o)
 .ARM.attributes
                0x0000000000000553       0x1e c:/st/stm32cubeide_1.9.0/stm32cubeide/plugins/com.st.stm32cube.ide.mcu.externaltools.gnu-tools-for-stm32.10.3-2021.10.win32_1.0.0.202111181127/tools/bin/../lib/gcc/arm-none-eabi/10.3.1/thumb/v7e-m+fp/hard\libgcc.a(_aeabi_uldivmod.o)
 .ARM.attributes
                0x0000000000000571       0x34 c:/st/stm32cubeide_1.9.0/stm32cubeide/plugins/com.st.stm32cube.ide.mcu.externaltools.gnu-tools-for-stm32.10.3-2021.10.win32_1.0.0.202111181127/tools/bin/../lib/gcc/arm-none-eabi/10.3.1/thumb/v7e-m+fp/hard\libgcc.a(_udivmoddi4.o)
 .ARM.attributes
                0x00000000000005a5       0x1e c:/st/stm32cubeide_1.9.0/stm32cubeide/plugins/com.st.stm32cube.ide.mcu.externaltools.gnu-tools-for-stm32.10.3-2021.10.win32_1.0.0.202111181127/tools/bin/../lib/gcc/arm-none-eabi/10.3.1/thumb/v7e-m+fp/hard\libgcc.a(_dvmd_tls.o)
 .ARM.attributes
                0x00000000000005c3       0x1e c:/st/stm32cubeide_1.9.0/stm32cubeide/plugins/com.st.stm32cube.ide.mcu.externaltools.gnu-tools-for-stm32.10.3-2021.10.win32_1.0.0.202111181127/tools/bin/../lib/gcc/arm-none-eabi/10.3.1/thumb/v7e-m+fp/hard/crtn.o
OUTPUT(NTR_SHELL.elf elf32-littlearm)
LOAD linker stubs
LOAD c:/st/stm32cubeide_1.9.0/stm32cubeide/plugins/com.st.stm32cube.ide.mcu.externaltools.gnu-tools-for-stm32.10.3-2021.10.win32_1.0.0.202111181127/tools/bin/../lib/gcc/arm-none-eabi/10.3.1/../../../../arm-none-eabi/lib/thumb/v7e-m+fp/hard\libc.a
LOAD c:/st/stm32cubeide_1.9.0/stm32cubeide/plugins/com.st.stm32cube.ide.mcu.externaltools.gnu-tools-for-stm32.10.3-2021.10.win32_1.0.0.202111181127/tools/bin/../lib/gcc/arm-none-eabi/10.3.1/../../../../arm-none-eabi/lib/thumb/v7e-m+fp/hard\libm.a
LOAD c:/st/stm32cubeide_1.9.0/stm32cubeide/plugins/com.st.stm32cube.ide.mcu.externaltools.gnu-tools-for-stm32.10.3-2021.10.win32_1.0.0.202111181127/tools/bin/../lib/gcc/arm-none-eabi/10.3.1/thumb/v7e-m+fp/hard\libgcc.a

.debug_info     0x0000000000000000    0x1451c
 .debug_info    0x0000000000000000      0x4d1 ./Core/Src/freertos.o
 .debug_info    0x00000000000004d1      0x49b ./Core/Src/gpio.o
 .debug_info    0x000000000000096c      0xc27 ./Core/Src/main.o
 .debug_info    0x0000000000001593      0x580 ./Core/Src/stm32f7xx_hal_msp.o
 .debug_info    0x0000000000001b13      0xcf6 ./Core/Src/stm32f7xx_hal_timebase_tim.o
 .debug_info    0x0000000000002809      0x743 ./Core/Src/stm32f7xx_it.o
 .debug_info    0x0000000000002f4c      0x72c ./Core/Src/system_stm32f7xx.o
 .debug_info    0x0000000000003678      0xd0d ./Core/Src/usart.o
 .debug_info    0x0000000000004385       0x22 ./Core/Startup/startup_stm32f746nghx.o
 .debug_info    0x00000000000043a7      0xa0c ./Drivers/STM32F7xx_HAL_Driver/Src/stm32f7xx_hal.o
 .debug_info    0x0000000000004db3     0x105a ./Drivers/STM32F7xx_HAL_Driver/Src/stm32f7xx_hal_cortex.o
 .debug_info    0x0000000000005e0d      0x794 ./Drivers/STM32F7xx_HAL_Driver/Src/stm32f7xx_hal_gpio.o
 .debug_info    0x00000000000065a1      0x92e ./Drivers/STM32F7xx_HAL_Driver/Src/stm32f7xx_hal_pwr_ex.o
 .debug_info    0x0000000000006ecf      0x99c ./Drivers/STM32F7xx_HAL_Driver/Src/stm32f7xx_hal_rcc.o
 .debug_info    0x000000000000786b      0x764 ./Drivers/STM32F7xx_HAL_Driver/Src/stm32f7xx_hal_rcc_ex.o
 .debug_info    0x0000000000007fcf     0x2cee ./Drivers/STM32F7xx_HAL_Driver/Src/stm32f7xx_hal_tim.o
 .debug_info    0x000000000000acbd     0x16c6 ./Drivers/STM32F7xx_HAL_Driver/Src/stm32f7xx_hal_tim_ex.o
 .debug_info    0x000000000000c383     0x3ca3 ./Drivers/STM32F7xx_HAL_Driver/Src/stm32f7xx_hal_uart.o
 .debug_info    0x0000000000010026     0x1c41 ./Middlewares/Third_Party/FreeRTOS/Source/CMSIS_RTOS/cmsis_os.o
 .debug_info    0x0000000000011c67      0x2d1 ./Middlewares/Third_Party/FreeRTOS/Source/list.o
 .debug_info    0x0000000000011f38     0x1d32 ./Middlewares/Third_Party/FreeRTOS/Source/tasks.o
 .debug_info    0x0000000000013c6a      0x4ca ./Middlewares/Third_Party/FreeRTOS/Source/portable/GCC/ARM_CM7/r0p1/port.o
 .debug_info    0x0000000000014134      0x3e8 ./Middlewares/Third_Party/FreeRTOS/Source/portable/MemMang/heap_4.o

.debug_abbrev   0x0000000000000000     0x2d22
 .debug_abbrev  0x0000000000000000      0x166 ./Core/Src/freertos.o
 .debug_abbrev  0x0000000000000166      0x146 ./Core/Src/gpio.o
 .debug_abbrev  0x00000000000002ac      0x22f ./Core/Src/main.o
 .debug_abbrev  0x00000000000004db      0x115 ./Core/Src/stm32f7xx_hal_msp.o
 .debug_abbrev  0x00000000000005f0      0x1d3 ./Core/Src/stm32f7xx_hal_timebase_tim.o
 .debug_abbrev  0x00000000000007c3      0x171 ./Core/Src/stm32f7xx_it.o
 .debug_abbrev  0x0000000000000934      0x136 ./Core/Src/system_stm32f7xx.o
 .debug_abbrev  0x0000000000000a6a      0x1e7 ./Core/Src/usart.o
 .debug_abbrev  0x0000000000000c51       0x12 ./Core/Startup/startup_stm32f746nghx.o
 .debug_abbrev  0x0000000000000c63      0x20d ./Drivers/STM32F7xx_HAL_Driver/Src/stm32f7xx_hal.o
 .debug_abbrev  0x0000000000000e70      0x316 ./Drivers/STM32F7xx_HAL_Driver/Src/stm32f7xx_hal_cortex.o
 .debug_abbrev  0x0000000000001186      0x1c4 ./Drivers/STM32F7xx_HAL_Driver/Src/stm32f7xx_hal_gpio.o
 .debug_abbrev  0x000000000000134a      0x1cb ./Drivers/STM32F7xx_HAL_Driver/Src/stm32f7xx_hal_pwr_ex.o
 .debug_abbrev  0x0000000000001515      0x27b ./Drivers/STM32F7xx_HAL_Driver/Src/stm32f7xx_hal_rcc.o
 .debug_abbrev  0x0000000000001790      0x1b9 ./Drivers/STM32F7xx_HAL_Driver/Src/stm32f7xx_hal_rcc_ex.o
 .debug_abbrev  0x0000000000001949      0x25d ./Drivers/STM32F7xx_HAL_Driver/Src/stm32f7xx_hal_tim.o
 .debug_abbrev  0x0000000000001ba6      0x265 ./Drivers/STM32F7xx_HAL_Driver/Src/stm32f7xx_hal_tim_ex.o
 .debug_abbrev  0x0000000000001e0b      0x2ce ./Drivers/STM32F7xx_HAL_Driver/Src/stm32f7xx_hal_uart.o
 .debug_abbrev  0x00000000000020d9      0x39b ./Middlewares/Third_Party/FreeRTOS/Source/CMSIS_RTOS/cmsis_os.o
 .debug_abbrev  0x0000000000002474       0xf2 ./Middlewares/Third_Party/FreeRTOS/Source/list.o
 .debug_abbrev  0x0000000000002566      0x34e ./Middlewares/Third_Party/FreeRTOS/Source/tasks.o
 .debug_abbrev  0x00000000000028b4      0x26f ./Middlewares/Third_Party/FreeRTOS/Source/portable/GCC/ARM_CM7/r0p1/port.o
 .debug_abbrev  0x0000000000002b23      0x1ff ./Middlewares/Third_Party/FreeRTOS/Source/portable/MemMang/heap_4.o

.debug_aranges  0x0000000000000000     0x1180
 .debug_aranges
                0x0000000000000000       0x30 ./Core/Src/freertos.o
 .debug_aranges
                0x0000000000000030       0x20 ./Core/Src/gpio.o
 .debug_aranges
                0x0000000000000050       0x38 ./Core/Src/main.o
 .debug_aranges
                0x0000000000000088       0x20 ./Core/Src/stm32f7xx_hal_msp.o
 .debug_aranges
                0x00000000000000a8       0x30 ./Core/Src/stm32f7xx_hal_timebase_tim.o
 .debug_aranges
                0x00000000000000d8       0x50 ./Core/Src/stm32f7xx_it.o
 .debug_aranges
                0x0000000000000128       0x28 ./Core/Src/system_stm32f7xx.o
 .debug_aranges
                0x0000000000000150       0x30 ./Core/Src/usart.o
 .debug_aranges
                0x0000000000000180       0x28 ./Core/Startup/startup_stm32f746nghx.o
 .debug_aranges
                0x00000000000001a8      0x100 ./Drivers/STM32F7xx_HAL_Driver/Src/stm32f7xx_hal.o
 .debug_aranges
                0x00000000000002a8      0x118 ./Drivers/STM32F7xx_HAL_Driver/Src/stm32f7xx_hal_cortex.o
 .debug_aranges
                0x00000000000003c0       0x58 ./Drivers/STM32F7xx_HAL_Driver/Src/stm32f7xx_hal_gpio.o
 .debug_aranges
                0x0000000000000418       0x80 ./Drivers/STM32F7xx_HAL_Driver/Src/stm32f7xx_hal_pwr_ex.o
 .debug_aranges
                0x0000000000000498       0x88 ./Drivers/STM32F7xx_HAL_Driver/Src/stm32f7xx_hal_rcc.o
 .debug_aranges
                0x0000000000000520       0x50 ./Drivers/STM32F7xx_HAL_Driver/Src/stm32f7xx_hal_rcc_ex.o
 .debug_aranges
                0x0000000000000570      0x3e0 ./Drivers/STM32F7xx_HAL_Driver/Src/stm32f7xx_hal_tim.o
 .debug_aranges
                0x0000000000000950      0x178 ./Drivers/STM32F7xx_HAL_Driver/Src/stm32f7xx_hal_tim_ex.o
 .debug_aranges
                0x0000000000000ac8      0x228 ./Drivers/STM32F7xx_HAL_Driver/Src/stm32f7xx_hal_uart.o
 .debug_aranges
                0x0000000000000cf0      0x1d8 ./Middlewares/Third_Party/FreeRTOS/Source/CMSIS_RTOS/cmsis_os.o
 .debug_aranges
                0x0000000000000ec8       0x40 ./Middlewares/Third_Party/FreeRTOS/Source/list.o
 .debug_aranges
                0x0000000000000f08      0x1a8 ./Middlewares/Third_Party/FreeRTOS/Source/tasks.o
 .debug_aranges
                0x00000000000010b0       0x80 ./Middlewares/Third_Party/FreeRTOS/Source/portable/GCC/ARM_CM7/r0p1/port.o
 .debug_aranges
                0x0000000000001130       0x50 ./Middlewares/Third_Party/FreeRTOS/Source/portable/MemMang/heap_4.o

.debug_ranges   0x0000000000000000     0x1048
 .debug_ranges  0x0000000000000000       0x20 ./Core/Src/freertos.o
 .debug_ranges  0x0000000000000020       0x10 ./Core/Src/gpio.o
 .debug_ranges  0x0000000000000030       0x28 ./Core/Src/main.o
 .debug_ranges  0x0000000000000058       0x10 ./Core/Src/stm32f7xx_hal_msp.o
 .debug_ranges  0x0000000000000068       0x20 ./Core/Src/stm32f7xx_hal_timebase_tim.o
 .debug_ranges  0x0000000000000088       0x40 ./Core/Src/stm32f7xx_it.o
 .debug_ranges  0x00000000000000c8       0x18 ./Core/Src/system_stm32f7xx.o
 .debug_ranges  0x00000000000000e0       0x20 ./Core/Src/usart.o
 .debug_ranges  0x0000000000000100       0x20 ./Core/Startup/startup_stm32f746nghx.o
 .debug_ranges  0x0000000000000120       0xf0 ./Drivers/STM32F7xx_HAL_Driver/Src/stm32f7xx_hal.o
 .debug_ranges  0x0000000000000210      0x108 ./Drivers/STM32F7xx_HAL_Driver/Src/stm32f7xx_hal_cortex.o
 .debug_ranges  0x0000000000000318       0x48 ./Drivers/STM32F7xx_HAL_Driver/Src/stm32f7xx_hal_gpio.o
 .debug_ranges  0x0000000000000360       0x70 ./Drivers/STM32F7xx_HAL_Driver/Src/stm32f7xx_hal_pwr_ex.o
 .debug_ranges  0x00000000000003d0       0x78 ./Drivers/STM32F7xx_HAL_Driver/Src/stm32f7xx_hal_rcc.o
 .debug_ranges  0x0000000000000448       0x40 ./Drivers/STM32F7xx_HAL_Driver/Src/stm32f7xx_hal_rcc_ex.o
 .debug_ranges  0x0000000000000488      0x3d0 ./Drivers/STM32F7xx_HAL_Driver/Src/stm32f7xx_hal_tim.o
 .debug_ranges  0x0000000000000858      0x168 ./Drivers/STM32F7xx_HAL_Driver/Src/stm32f7xx_hal_tim_ex.o
 .debug_ranges  0x00000000000009c0      0x248 ./Drivers/STM32F7xx_HAL_Driver/Src/stm32f7xx_hal_uart.o
 .debug_ranges  0x0000000000000c08      0x1c8 ./Middlewares/Third_Party/FreeRTOS/Source/CMSIS_RTOS/cmsis_os.o
 .debug_ranges  0x0000000000000dd0       0x30 ./Middlewares/Third_Party/FreeRTOS/Source/list.o
 .debug_ranges  0x0000000000000e00      0x198 ./Middlewares/Third_Party/FreeRTOS/Source/tasks.o
 .debug_ranges  0x0000000000000f98       0x70 ./Middlewares/Third_Party/FreeRTOS/Source/portable/GCC/ARM_CM7/r0p1/port.o
 .debug_ranges  0x0000000000001008       0x40 ./Middlewares/Third_Party/FreeRTOS/Source/portable/MemMang/heap_4.o

.debug_macro    0x0000000000000000    0x270d2
 .debug_macro   0x0000000000000000      0x2a4 ./Core/Src/freertos.o
 .debug_macro   0x00000000000002a4      0xa78 ./Core/Src/freertos.o
 .debug_macro   0x0000000000000d1c      0x174 ./Core/Src/freertos.o
 .debug_macro   0x0000000000000e90       0x22 ./Core/Src/freertos.o
 .debug_macro   0x0000000000000eb2       0x8e ./Core/Src/freertos.o
 .debug_macro   0x0000000000000f40       0x51 ./Core/Src/freertos.o
 .debug_macro   0x0000000000000f91      0x103 ./Core/Src/freertos.o
 .debug_macro   0x0000000000001094       0x6a ./Core/Src/freertos.o
 .debug_macro   0x00000000000010fe      0x1df ./Core/Src/freertos.o
 .debug_macro   0x00000000000012dd       0xea ./Core/Src/freertos.o
 .debug_macro   0x00000000000013c7      0x15a ./Core/Src/freertos.o
 .debug_macro   0x0000000000001521       0xde ./Core/Src/freertos.o
 .debug_macro   0x00000000000015ff       0x1c ./Core/Src/freertos.o
 .debug_macro   0x000000000000161b       0x26 ./Core/Src/freertos.o
 .debug_macro   0x0000000000001641      0x4e8 ./Core/Src/freertos.o
 .debug_macro   0x0000000000001b29       0xb5 ./Core/Src/freertos.o
 .debug_macro   0x0000000000001bde       0xaa ./Core/Src/freertos.o
 .debug_macro   0x0000000000001c88      0x293 ./Core/Src/freertos.o
 .debug_macro   0x0000000000001f1b       0x2e ./Core/Src/freertos.o
 .debug_macro   0x0000000000001f49       0x3b ./Core/Src/freertos.o
 .debug_macro   0x0000000000001f84       0x1c ./Core/Src/freertos.o
 .debug_macro   0x0000000000001fa0       0x22 ./Core/Src/freertos.o
 .debug_macro   0x0000000000001fc2       0xd9 ./Core/Src/freertos.o
 .debug_macro   0x000000000000209b     0x12cd ./Core/Src/freertos.o
 .debug_macro   0x0000000000003368      0x11f ./Core/Src/freertos.o
 .debug_macro   0x0000000000003487       0x19 ./Core/Src/freertos.o
 .debug_macro   0x00000000000034a0    0x191da ./Core/Src/freertos.o
 .debug_macro   0x000000000001c67a       0x6d ./Core/Src/freertos.o
 .debug_macro   0x000000000001c6e7     0x3714 ./Core/Src/freertos.o
 .debug_macro   0x000000000001fdfb       0x63 ./Core/Src/freertos.o
 .debug_macro   0x000000000001fe5e     0x18ad ./Core/Src/freertos.o
 .debug_macro   0x000000000002170b      0x6c4 ./Core/Src/freertos.o
 .debug_macro   0x0000000000021dcf      0x185 ./Core/Src/freertos.o
 .debug_macro   0x0000000000021f54      0x115 ./Core/Src/freertos.o
 .debug_macro   0x0000000000022069      0x1fd ./Core/Src/freertos.o
 .debug_macro   0x0000000000022266       0xa5 ./Core/Src/freertos.o
 .debug_macro   0x000000000002230b      0x24f ./Core/Src/freertos.o
 .debug_macro   0x000000000002255a       0x41 ./Core/Src/freertos.o
 .debug_macro   0x000000000002259b       0x58 ./Core/Src/freertos.o
 .debug_macro   0x00000000000225f3      0x236 ./Core/Src/freertos.o
 .debug_macro   0x0000000000022829      0x14e ./Core/Src/freertos.o
 .debug_macro   0x0000000000022977      0x25a ./Core/Src/freertos.o
 .debug_macro   0x0000000000022bd1       0x12 ./Core/Src/freertos.o
 .debug_macro   0x0000000000022be3      0x22c ./Core/Src/freertos.o
 .debug_macro   0x0000000000022e0f       0x61 ./Core/Src/freertos.o
 .debug_macro   0x0000000000022e70       0xa5 ./Core/Src/freertos.o
 .debug_macro   0x0000000000022f15      0x12e ./Core/Src/freertos.o
 .debug_macro   0x0000000000023043      0x108 ./Core/Src/freertos.o
 .debug_macro   0x000000000002314b       0x35 ./Core/Src/freertos.o
 .debug_macro   0x0000000000023180      0xa60 ./Core/Src/freertos.o
 .debug_macro   0x0000000000023be0       0x59 ./Core/Src/freertos.o
 .debug_macro   0x0000000000023c39      0x558 ./Core/Src/freertos.o
 .debug_macro   0x0000000000024191       0x44 ./Core/Src/freertos.o
 .debug_macro   0x00000000000241d5      0x14d ./Core/Src/freertos.o
 .debug_macro   0x0000000000024322       0x10 ./Core/Src/freertos.o
 .debug_macro   0x0000000000024332       0x91 ./Core/Src/freertos.o
 .debug_macro   0x00000000000243c3       0x8d ./Core/Src/freertos.o
 .debug_macro   0x0000000000024450       0x7e ./Core/Src/freertos.o
 .debug_macro   0x00000000000244ce       0x19 ./Core/Src/freertos.o
 .debug_macro   0x00000000000244e7       0xf2 ./Core/Src/freertos.o
 .debug_macro   0x00000000000245d9      0x1fb ./Core/Src/gpio.o
 .debug_macro   0x00000000000247d4      0x2bc ./Core/Src/main.o
 .debug_macro   0x0000000000024a90       0xea ./Core/Src/main.o
 .debug_macro   0x0000000000024b7a      0x1f1 ./Core/Src/stm32f7xx_hal_msp.o
 .debug_macro   0x0000000000024d6b      0x1e2 ./Core/Src/stm32f7xx_hal_timebase_tim.o
 .debug_macro   0x0000000000024f4d      0x1fb ./Core/Src/stm32f7xx_it.o
 .debug_macro   0x0000000000025148      0x1e2 ./Core/Src/system_stm32f7xx.o
 .debug_macro   0x000000000002532a      0x1fb ./Core/Src/usart.o
 .debug_macro   0x0000000000025525      0x206 ./Drivers/STM32F7xx_HAL_Driver/Src/stm32f7xx_hal.o
 .debug_macro   0x000000000002572b      0x1e2 ./Drivers/STM32F7xx_HAL_Driver/Src/stm32f7xx_hal_cortex.o
 .debug_macro   0x000000000002590d      0x1e8 ./Drivers/STM32F7xx_HAL_Driver/Src/stm32f7xx_hal_gpio.o
 .debug_macro   0x0000000000025af5      0x1fa ./Drivers/STM32F7xx_HAL_Driver/Src/stm32f7xx_hal_pwr_ex.o
 .debug_macro   0x0000000000025cef      0x206 ./Drivers/STM32F7xx_HAL_Driver/Src/stm32f7xx_hal_rcc.o
 .debug_macro   0x0000000000025ef5      0x1e2 ./Drivers/STM32F7xx_HAL_Driver/Src/stm32f7xx_hal_rcc_ex.o
 .debug_macro   0x00000000000260d7      0x1e3 ./Drivers/STM32F7xx_HAL_Driver/Src/stm32f7xx_hal_tim.o
 .debug_macro   0x00000000000262ba      0x1e2 ./Drivers/STM32F7xx_HAL_Driver/Src/stm32f7xx_hal_tim_ex.o
 .debug_macro   0x000000000002649c      0x1ff ./Drivers/STM32F7xx_HAL_Driver/Src/stm32f7xx_hal_uart.o
 .debug_macro   0x000000000002669b      0x1fe ./Middlewares/Third_Party/FreeRTOS/Source/CMSIS_RTOS/cmsis_os.o
 .debug_macro   0x0000000000026899       0x10 ./Middlewares/Third_Party/FreeRTOS/Source/CMSIS_RTOS/cmsis_os.o
 .debug_macro   0x00000000000268a9       0x20 ./Middlewares/Third_Party/FreeRTOS/Source/CMSIS_RTOS/cmsis_os.o
 .debug_macro   0x00000000000268c9       0xc7 ./Middlewares/Third_Party/FreeRTOS/Source/CMSIS_RTOS/cmsis_os.o
 .debug_macro   0x0000000000026990      0x187 ./Middlewares/Third_Party/FreeRTOS/Source/list.o
 .debug_macro   0x0000000000026b17      0x279 ./Middlewares/Third_Party/FreeRTOS/Source/tasks.o
 .debug_macro   0x0000000000026d90       0x10 ./Middlewares/Third_Party/FreeRTOS/Source/tasks.o
 .debug_macro   0x0000000000026da0      0x184 ./Middlewares/Third_Party/FreeRTOS/Source/portable/GCC/ARM_CM7/r0p1/port.o
 .debug_macro   0x0000000000026f24      0x1ae ./Middlewares/Third_Party/FreeRTOS/Source/portable/MemMang/heap_4.o

.debug_line     0x0000000000000000    0x14f66
 .debug_line    0x0000000000000000      0x898 ./Core/Src/freertos.o
 .debug_line    0x0000000000000898      0x6f2 ./Core/Src/gpio.o
 .debug_line    0x0000000000000f8a      0x90f ./Core/Src/main.o
 .debug_line    0x0000000000001899      0x6e3 ./Core/Src/stm32f7xx_hal_msp.o
 .debug_line    0x0000000000001f7c      0x742 ./Core/Src/stm32f7xx_hal_timebase_tim.o
 .debug_line    0x00000000000026be      0x77f ./Core/Src/stm32f7xx_it.o
 .debug_line    0x0000000000002e3d      0x762 ./Core/Src/system_stm32f7xx.o
 .debug_line    0x000000000000359f      0x776 ./Core/Src/usart.o
 .debug_line    0x0000000000003d15       0x88 ./Core/Startup/startup_stm32f746nghx.o
 .debug_line    0x0000000000003d9d      0x9f3 ./Drivers/STM32F7xx_HAL_Driver/Src/stm32f7xx_hal.o
 .debug_line    0x0000000000004790      0xc79 ./Drivers/STM32F7xx_HAL_Driver/Src/stm32f7xx_hal_cortex.o
 .debug_line    0x0000000000005409      0xb67 ./Drivers/STM32F7xx_HAL_Driver/Src/stm32f7xx_hal_gpio.o
 .debug_line    0x0000000000005f70      0x968 ./Drivers/STM32F7xx_HAL_Driver/Src/stm32f7xx_hal_pwr_ex.o
 .debug_line    0x00000000000068d8      0xe34 ./Drivers/STM32F7xx_HAL_Driver/Src/stm32f7xx_hal_rcc.o
 .debug_line    0x000000000000770c      0xdef ./Drivers/STM32F7xx_HAL_Driver/Src/stm32f7xx_hal_rcc_ex.o
 .debug_line    0x00000000000084fb     0x3bf3 ./Drivers/STM32F7xx_HAL_Driver/Src/stm32f7xx_hal_tim.o
 .debug_line    0x000000000000c0ee     0x1ae9 ./Drivers/STM32F7xx_HAL_Driver/Src/stm32f7xx_hal_tim_ex.o
 .debug_line    0x000000000000dbd7     0x31bd ./Drivers/STM32F7xx_HAL_Driver/Src/stm32f7xx_hal_uart.o
 .debug_line    0x0000000000010d94     0x11c1 ./Middlewares/Third_Party/FreeRTOS/Source/CMSIS_RTOS/cmsis_os.o
 .debug_line    0x0000000000011f55      0x6fc ./Middlewares/Third_Party/FreeRTOS/Source/list.o
 .debug_line    0x0000000000012651     0x18c4 ./Middlewares/Third_Party/FreeRTOS/Source/tasks.o
 .debug_line    0x0000000000013f15      0x789 ./Middlewares/Third_Party/FreeRTOS/Source/portable/GCC/ARM_CM7/r0p1/port.o
 .debug_line    0x000000000001469e      0x8c8 ./Middlewares/Third_Party/FreeRTOS/Source/portable/MemMang/heap_4.o

.debug_str      0x0000000000000000    0xf71d8
 .debug_str     0x0000000000000000    0xedc00 ./Core/Src/freertos.o
                                      0xee31e (size before relaxing)
 .debug_str     0x00000000000edc00      0x1f9 ./Core/Src/gpio.o
                                      0xe824a (size before relaxing)
 .debug_str     0x00000000000eddf9      0x6fb ./Core/Src/main.o
                                      0xee8fb (size before relaxing)
 .debug_str     0x00000000000ee4f4      0x5d9 ./Core/Src/stm32f7xx_hal_msp.o
                                      0xe8741 (size before relaxing)
 .debug_str     0x00000000000eeacd       0xff ./Core/Src/stm32f7xx_hal_timebase_tim.o
                                      0xe8dd4 (size before relaxing)
 .debug_str     0x00000000000eebcc       0xb9 ./Core/Src/stm32f7xx_it.o
                                      0xe8655 (size before relaxing)
 .debug_str     0x00000000000eec85      0x1a4 ./Core/Src/system_stm32f7xx.o
                                      0xe82d1 (size before relaxing)
 .debug_str     0x00000000000eee29      0x4b0 ./Core/Src/usart.o
                                      0xe899d (size before relaxing)
 .debug_str     0x00000000000ef2d9       0x36 ./Core/Startup/startup_stm32f746nghx.o
                                         0x57 (size before relaxing)
 .debug_str     0x00000000000ef30f      0x3dd ./Drivers/STM32F7xx_HAL_Driver/Src/stm32f7xx_hal.o
                                      0xe8c3a (size before relaxing)
 .debug_str     0x00000000000ef6ec      0x327 ./Drivers/STM32F7xx_HAL_Driver/Src/stm32f7xx_hal_cortex.o
                                      0xe8c25 (size before relaxing)
 .debug_str     0x00000000000efa13      0x105 ./Drivers/STM32F7xx_HAL_Driver/Src/stm32f7xx_hal_gpio.o
                                      0xe838f (size before relaxing)
 .debug_str     0x00000000000efb18      0x1d1 ./Drivers/STM32F7xx_HAL_Driver/Src/stm32f7xx_hal_pwr_ex.o
                                      0xe8540 (size before relaxing)
 .debug_str     0x00000000000efce9      0x21c ./Drivers/STM32F7xx_HAL_Driver/Src/stm32f7xx_hal_rcc.o
                                      0xe8633 (size before relaxing)
 .debug_str     0x00000000000eff05      0x147 ./Drivers/STM32F7xx_HAL_Driver/Src/stm32f7xx_hal_rcc_ex.o
                                      0xe856b (size before relaxing)
 .debug_str     0x00000000000f004c      0xea6 ./Drivers/STM32F7xx_HAL_Driver/Src/stm32f7xx_hal_tim.o
                                      0xe95e4 (size before relaxing)
 .debug_str     0x00000000000f0ef2      0x561 ./Drivers/STM32F7xx_HAL_Driver/Src/stm32f7xx_hal_tim_ex.o
                                      0xe8e3a (size before relaxing)
 .debug_str     0x00000000000f1453      0x88f ./Drivers/STM32F7xx_HAL_Driver/Src/stm32f7xx_hal_uart.o
                                      0xe8f58 (size before relaxing)
 .debug_str     0x00000000000f1ce2     0x38bb ./Middlewares/Third_Party/FreeRTOS/Source/CMSIS_RTOS/cmsis_os.o
                                       0xe2d0 (size before relaxing)
 .debug_str     0x00000000000f559d      0x20f ./Middlewares/Third_Party/FreeRTOS/Source/list.o
                                       0xa5d3 (size before relaxing)
 .debug_str     0x00000000000f57ac     0x10e7 ./Middlewares/Third_Party/FreeRTOS/Source/tasks.o
                                       0xc8f9 (size before relaxing)
 .debug_str     0x00000000000f6893      0x702 ./Middlewares/Third_Party/FreeRTOS/Source/portable/GCC/ARM_CM7/r0p1/port.o
                                       0x84bf (size before relaxing)
 .debug_str     0x00000000000f6f95      0x243 ./Middlewares/Third_Party/FreeRTOS/Source/portable/MemMang/heap_4.o
                                       0xadf0 (size before relaxing)

.comment        0x0000000000000000       0x50
 .comment       0x0000000000000000       0x50 ./Core/Src/freertos.o
                                         0x51 (size before relaxing)
 .comment       0x0000000000000050       0x51 ./Core/Src/gpio.o
 .comment       0x0000000000000050       0x51 ./Core/Src/main.o
 .comment       0x0000000000000050       0x51 ./Core/Src/stm32f7xx_hal_msp.o
 .comment       0x0000000000000050       0x51 ./Core/Src/stm32f7xx_hal_timebase_tim.o
 .comment       0x0000000000000050       0x51 ./Core/Src/stm32f7xx_it.o
 .comment       0x0000000000000050       0x51 ./Core/Src/system_stm32f7xx.o
 .comment       0x0000000000000050       0x51 ./Core/Src/usart.o
 .comment       0x0000000000000050       0x51 ./Drivers/STM32F7xx_HAL_Driver/Src/stm32f7xx_hal.o
 .comment       0x0000000000000050       0x51 ./Drivers/STM32F7xx_HAL_Driver/Src/stm32f7xx_hal_cortex.o
 .comment       0x0000000000000050       0x51 ./Drivers/STM32F7xx_HAL_Driver/Src/stm32f7xx_hal_gpio.o
 .comment       0x0000000000000050       0x51 ./Drivers/STM32F7xx_HAL_Driver/Src/stm32f7xx_hal_pwr_ex.o
 .comment       0x0000000000000050       0x51 ./Drivers/STM32F7xx_HAL_Driver/Src/stm32f7xx_hal_rcc.o
 .comment       0x0000000000000050       0x51 ./Drivers/STM32F7xx_HAL_Driver/Src/stm32f7xx_hal_rcc_ex.o
 .comment       0x0000000000000050       0x51 ./Drivers/STM32F7xx_HAL_Driver/Src/stm32f7xx_hal_tim.o
 .comment       0x0000000000000050       0x51 ./Drivers/STM32F7xx_HAL_Driver/Src/stm32f7xx_hal_tim_ex.o
 .comment       0x0000000000000050       0x51 ./Drivers/STM32F7xx_HAL_Driver/Src/stm32f7xx_hal_uart.o
 .comment       0x0000000000000050       0x51 ./Middlewares/Third_Party/FreeRTOS/Source/CMSIS_RTOS/cmsis_os.o
 .comment       0x0000000000000050       0x51 ./Middlewares/Third_Party/FreeRTOS/Source/list.o
 .comment       0x0000000000000050       0x51 ./Middlewares/Third_Party/FreeRTOS/Source/tasks.o
 .comment       0x0000000000000050       0x51 ./Middlewares/Third_Party/FreeRTOS/Source/portable/GCC/ARM_CM7/r0p1/port.o
 .comment       0x0000000000000050       0x51 ./Middlewares/Third_Party/FreeRTOS/Source/portable/MemMang/heap_4.o

.debug_frame    0x0000000000000000     0x47e8
 .debug_frame   0x0000000000000000       0x80 ./Core/Src/freertos.o
 .debug_frame   0x0000000000000080       0x34 ./Core/Src/gpio.o
 .debug_frame   0x00000000000000b4       0x8c ./Core/Src/main.o
 .debug_frame   0x0000000000000140       0x34 ./Core/Src/stm32f7xx_hal_msp.o
 .debug_frame   0x0000000000000174       0x74 ./Core/Src/stm32f7xx_hal_timebase_tim.o
 .debug_frame   0x00000000000001e8       0xc4 ./Core/Src/stm32f7xx_it.o
 .debug_frame   0x00000000000002ac       0x58 ./Core/Src/system_stm32f7xx.o
 .debug_frame   0x0000000000000304       0x78 ./Core/Src/usart.o
 .debug_frame   0x000000000000037c      0x3b4 ./Drivers/STM32F7xx_HAL_Driver/Src/stm32f7xx_hal.o
 .debug_frame   0x0000000000000730      0x498 ./Drivers/STM32F7xx_HAL_Driver/Src/stm32f7xx_hal_cortex.o
 .debug_frame   0x0000000000000bc8      0x14c ./Drivers/STM32F7xx_HAL_Driver/Src/stm32f7xx_hal_gpio.o
 .debug_frame   0x0000000000000d14      0x1c8 ./Drivers/STM32F7xx_HAL_Driver/Src/stm32f7xx_hal_pwr_ex.o
 .debug_frame   0x0000000000000edc      0x1f8 ./Drivers/STM32F7xx_HAL_Driver/Src/stm32f7xx_hal_rcc.o
 .debug_frame   0x00000000000010d4      0x118 ./Drivers/STM32F7xx_HAL_Driver/Src/stm32f7xx_hal_rcc_ex.o
 .debug_frame   0x00000000000011ec     0x121c ./Drivers/STM32F7xx_HAL_Driver/Src/stm32f7xx_hal_tim.o
 .debug_frame   0x0000000000002408      0x688 ./Drivers/STM32F7xx_HAL_Driver/Src/stm32f7xx_hal_tim_ex.o
 .debug_frame   0x0000000000002a90      0x9e4 ./Drivers/STM32F7xx_HAL_Driver/Src/stm32f7xx_hal_uart.o
 .debug_frame   0x0000000000003474      0x80c ./Middlewares/Third_Party/FreeRTOS/Source/CMSIS_RTOS/cmsis_os.o
 .debug_frame   0x0000000000003c80       0xd8 ./Middlewares/Third_Party/FreeRTOS/Source/list.o
 .debug_frame   0x0000000000003d58      0x734 ./Middlewares/Third_Party/FreeRTOS/Source/tasks.o
 .debug_frame   0x000000000000448c      0x1a8 ./Middlewares/Third_Party/FreeRTOS/Source/portable/GCC/ARM_CM7/r0p1/port.o
 .debug_frame   0x0000000000004634      0x108 ./Middlewares/Third_Party/FreeRTOS/Source/portable/MemMang/heap_4.o
 .debug_frame   0x000000000000473c       0x2c c:/st/stm32cubeide_1.9.0/stm32cubeide/plugins/com.st.stm32cube.ide.mcu.externaltools.gnu-tools-for-stm32.10.3-2021.10.win32_1.0.0.202111181127/tools/bin/../lib/gcc/arm-none-eabi/10.3.1/../../../../arm-none-eabi/lib/thumb/v7e-m+fp/hard\libc_nano.a(lib_a-init.o)
 .debug_frame   0x0000000000004768       0x20 c:/st/stm32cubeide_1.9.0/stm32cubeide/plugins/com.st.stm32cube.ide.mcu.externaltools.gnu-tools-for-stm32.10.3-2021.10.win32_1.0.0.202111181127/tools/bin/../lib/gcc/arm-none-eabi/10.3.1/../../../../arm-none-eabi/lib/thumb/v7e-m+fp/hard\libc_nano.a(lib_a-memset.o)
 .debug_frame   0x0000000000004788       0x2c c:/st/stm32cubeide_1.9.0/stm32cubeide/plugins/com.st.stm32cube.ide.mcu.externaltools.gnu-tools-for-stm32.10.3-2021.10.win32_1.0.0.202111181127/tools/bin/../lib/gcc/arm-none-eabi/10.3.1/thumb/v7e-m+fp/hard\libgcc.a(_aeabi_uldivmod.o)
 .debug_frame   0x00000000000047b4       0x34 c:/st/stm32cubeide_1.9.0/stm32cubeide/plugins/com.st.stm32cube.ide.mcu.externaltools.gnu-tools-for-stm32.10.3-2021.10.win32_1.0.0.202111181127/tools/bin/../lib/gcc/arm-none-eabi/10.3.1/thumb/v7e-m+fp/hard\libgcc.a(_udivmoddi4.o)
